Component: ARM Compiler 5.06 update 6 (build 750) Tool: armlink [4d35ed]

==============================================================================

Section Cross References

    can.o(i.CAN_Mode_Init) refers to stm32f10x_rcc.o(i.RCC_APB2PeriphClockCmd) for RCC_APB2PeriphClockCmd
    can.o(i.CAN_Mode_Init) refers to stm32f10x_rcc.o(i.RCC_APB1PeriphClockCmd) for RCC_APB1PeriphClockCmd
    can.o(i.CAN_Mode_Init) refers to stm32f10x_gpio.o(i.GPIO_Init) for GPIO_Init
    can.o(i.CAN_Mode_Init) refers to stm32f10x_can.o(i.CAN_Init) for CAN_Init
    can.o(i.CAN_Mode_Init) refers to stm32f10x_can.o(i.CAN_FilterInit) for CAN_FilterInit
    can.o(i.Can_Receive_Msg) refers to stm32f10x_can.o(i.CAN_MessagePending) for CAN_MessagePending
    can.o(i.Can_Receive_Msg) refers to stm32f10x_can.o(i.CAN_Receive) for CAN_Receive
    can.o(i.Can_Send_Msg) refers to stm32f10x_can.o(i.CAN_Transmit) for CAN_Transmit
    can.o(i.Can_Send_Msg) refers to stm32f10x_can.o(i.CAN_TransmitStatus) for CAN_TransmitStatus
    stepper.o(i.Encoder_Init_Stepper) refers to stm32f10x_rcc.o(i.RCC_APB2PeriphClockCmd) for RCC_APB2PeriphClockCmd
    stepper.o(i.Encoder_Init_Stepper) refers to stm32f10x_rcc.o(i.RCC_APB1PeriphClockCmd) for RCC_APB1PeriphClockCmd
    stepper.o(i.Encoder_Init_Stepper) refers to stm32f10x_gpio.o(i.GPIO_Init) for GPIO_Init
    stepper.o(i.Encoder_Init_Stepper) refers to misc.o(i.NVIC_Init) for NVIC_Init
    stepper.o(i.Encoder_Init_Stepper) refers to stm32f10x_usart.o(i.USART_Init) for USART_Init
    stepper.o(i.Encoder_Init_Stepper) refers to stm32f10x_usart.o(i.USART_ITConfig) for USART_ITConfig
    stepper.o(i.Encoder_Init_Stepper) refers to stm32f10x_usart.o(i.USART_Cmd) for USART_Cmd
    stepper.o(i.Stepperinit) refers to stm32f10x_rcc.o(i.RCC_APB1PeriphClockCmd) for RCC_APB1PeriphClockCmd
    stepper.o(i.Stepperinit) refers to stm32f10x_rcc.o(i.RCC_APB2PeriphClockCmd) for RCC_APB2PeriphClockCmd
    stepper.o(i.Stepperinit) refers to stm32f10x_gpio.o(i.GPIO_Init) for GPIO_Init
    stepper.o(i.setangle) refers to _printf_percent.o(.ARM.Collect$$_printf_percent$$00000000) for _printf_percent
    stepper.o(i.setangle) refers to _printf_f.o(.ARM.Collect$$_printf_percent$$00000003) for _printf_f
    stepper.o(i.setangle) refers to printf1.o(x$fpl$printf1) for _printf_fp_dec
    stepper.o(i.setangle) refers to f2d.o(x$fpl$f2d) for __aeabi_f2d
    stepper.o(i.setangle) refers to noretval__2printf.o(.text) for __2printf
    stepper.o(i.setangle) refers to dleqf.o(x$fpl$dleqf) for __aeabi_cdcmple
    stepper.o(i.setangle) refers to stm32f10x_tim.o(i.TIM_SetCompare1) for TIM_SetCompare1
    stepper.o(i.setangle) refers to main.o(.data) for pos_tar
    stepper.o(i.setangle) refers to stm32f10x_it.o(.data) for pos_err
    stepper.o(i.setangle_open) refers to fflt_clz.o(x$fpl$fflt) for __aeabi_i2f
    stepper.o(i.setangle_open) refers to fdiv.o(x$fpl$fdiv) for __aeabi_fdiv
    stepper.o(i.setangle_open) refers to fmul.o(x$fpl$fmul) for __aeabi_fmul
    stepper.o(i.setangle_open) refers to ffix.o(x$fpl$ffix) for __aeabi_f2iz
    stepper.o(i.setangle_open) refers to stm32f10x_gpio.o(i.GPIO_SetBits) for GPIO_SetBits
    stepper.o(i.setangle_open) refers to stm32f10x_gpio.o(i.GPIO_ResetBits) for GPIO_ResetBits
    stepper.o(i.stepper_Decode) refers to dflt_clz.o(x$fpl$dfltu) for __aeabi_ui2d
    stepper.o(i.stepper_Decode) refers to ddiv.o(x$fpl$ddiv) for __aeabi_ddiv
    stepper.o(i.stepper_Decode) refers to dmul.o(x$fpl$dmul) for __aeabi_dmul
    motor.o(i.Motorinit) refers to stm32f10x_rcc.o(i.RCC_APB1PeriphClockCmd) for RCC_APB1PeriphClockCmd
    motor.o(i.Motorinit) refers to stm32f10x_rcc.o(i.RCC_APB2PeriphClockCmd) for RCC_APB2PeriphClockCmd
    motor.o(i.Motorinit) refers to stm32f10x_gpio.o(i.GPIO_Init) for GPIO_Init
    motor.o(i.Motorinit) refers to stm32f10x_tim.o(i.TIM_TimeBaseInit) for TIM_TimeBaseInit
    motor.o(i.Motorinit) refers to stm32f10x_tim.o(i.TIM_OC2Init) for TIM_OC2Init
    motor.o(i.Motorinit) refers to stm32f10x_tim.o(i.TIM_OC1Init) for TIM_OC1Init
    motor.o(i.Motorinit) refers to stm32f10x_tim.o(i.TIM_Cmd) for TIM_Cmd
    motor.o(i.PID_control) refers to fflt_clz.o(x$fpl$fflt) for __aeabi_i2f
    motor.o(i.PID_control) refers to faddsub_clz.o(x$fpl$fadd) for __aeabi_fadd
    motor.o(i.PID_control) refers to fleqf.o(x$fpl$fleqf) for __aeabi_cfcmple
    motor.o(i.PID_control) refers to frleqf.o(x$fpl$frleqf) for __aeabi_cfrcmple
    motor.o(i.PID_control) refers to ffix.o(x$fpl$ffix) for __aeabi_f2iz
    motor.o(i.PID_control) refers to stm32f10x_tim.o(i.TIM_SetCompare2) for TIM_SetCompare2
    motor.o(i.PID_control) refers to main.o(.data) for speed
    motor.o(i.PID_control) refers to motor.o(.data) for integral_err
    motor.o(i.SetDir) refers to stm32f10x_gpio.o(i.GPIO_SetBits) for GPIO_SetBits
    motor.o(i.SetDir) refers to stm32f10x_gpio.o(i.GPIO_ResetBits) for GPIO_ResetBits
[...]
    Removing stm32f10x_dbgmcu.o(i.DBGMCU_Config), (32 bytes).
    Removing stm32f10x_dbgmcu.o(i.DBGMCU_GetDEVID), (16 bytes).
    Removing stm32f10x_dbgmcu.o(i.DBGMCU_GetREVID), (12 bytes).
    Removing misc.o(i.NVIC_SetVectorTable), (20 bytes).
    Removing misc.o(i.NVIC_SystemLPConfig), (32 bytes).
    Removing stm32f10x_can.o(i.CAN_CancelTransmit), (48 bytes).
    Removing stm32f10x_can.o(i.CAN_ClearFlag), (56 bytes).
    Removing stm32f10x_can.o(i.CAN_ClearITPendingBit), (168 bytes).
    Removing stm32f10x_can.o(i.CAN_DBGFreeze), (22 bytes).
    Removing stm32f10x_can.o(i.CAN_DeInit), (56 bytes).
    Removing stm32f10x_can.o(i.CAN_FIFORelease), (22 bytes).
    Removing stm32f10x_can.o(i.CAN_GetFlagStatus), (120 bytes).
    Removing stm32f10x_can.o(i.CAN_GetITStatus), (288 bytes).
    Removing stm32f10x_can.o(i.CAN_GetLSBTransmitErrorCounter), (12 bytes).
    Removing stm32f10x_can.o(i.CAN_GetLastErrorCode), (12 bytes).
    Removing stm32f10x_can.o(i.CAN_GetReceiveErrorCounter), (10 bytes).
    Removing stm32f10x_can.o(i.CAN_ITConfig), (18 bytes).
    Removing stm32f10x_can.o(i.CAN_OperatingModeRequest), (162 bytes).
    Removing stm32f10x_can.o(i.CAN_SlaveStartBank), (52 bytes).
    Removing stm32f10x_can.o(i.CAN_Sleep), (30 bytes).
    Removing stm32f10x_can.o(i.CAN_StructInit), (32 bytes).
    Removing stm32f10x_can.o(i.CAN_TTComModeCmd), (118 bytes).
    Removing stm32f10x_can.o(i.CAN_WakeUp), (48 bytes).
    Removing stm32f10x_can.o(i.CheckITStatus), (18 bytes).
    Removing stm32f10x_adc.o(i.ADC_AnalogWatchdogCmd), (20 bytes).
    Removing stm32f10x_adc.o(i.ADC_AnalogWatchdogSingleChannelConfig), (16 bytes).
    Removing stm32f10x_adc.o(i.ADC_AnalogWatchdogThresholdsConfig), (6 bytes).
    Removing stm32f10x_adc.o(i.ADC_AutoInjectedConvCmd), (22 bytes).
    Removing stm32f10x_adc.o(i.ADC_ClearFlag), (6 bytes).
    Removing stm32f10x_adc.o(i.ADC_ClearITPendingBit), (10 bytes).
    Removing stm32f10x_adc.o(i.ADC_Cmd), (22 bytes).
    Removing stm32f10x_adc.o(i.ADC_DMACmd), (22 bytes).
    Removing stm32f10x_adc.o(i.ADC_DeInit), (92 bytes).
    Removing stm32f10x_adc.o(i.ADC_DiscModeChannelCountConfig), (24 bytes).
    Removing stm32f10x_adc.o(i.ADC_DiscModeCmd), (22 bytes).
    Removing stm32f10x_adc.o(i.ADC_ExternalTrigConvCmd), (22 bytes).
    Removing stm32f10x_adc.o(i.ADC_ExternalTrigInjectedConvCmd), (22 bytes).
    Removing stm32f10x_adc.o(i.ADC_ExternalTrigInjectedConvConfig), (16 bytes).
    Removing stm32f10x_adc.o(i.ADC_GetCalibrationStatus), (20 bytes).
    Removing stm32f10x_adc.o(i.ADC_GetConversionValue), (8 bytes).
    Removing stm32f10x_adc.o(i.ADC_GetDualModeConversionValue), (12 bytes).
    Removing stm32f10x_adc.o(i.ADC_GetFlagStatus), (18 bytes).
    Removing stm32f10x_adc.o(i.ADC_GetITStatus), (36 bytes).
    Removing stm32f10x_adc.o(i.ADC_GetInjectedConversionValue), (28 bytes).
    Removing stm32f10x_adc.o(i.ADC_GetResetCalibrationStatus), (20 bytes).
    Removing stm32f10x_adc.o(i.ADC_GetSoftwareStartConvStatus), (20 bytes).
    Removing stm32f10x_adc.o(i.ADC_GetSoftwareStartInjectedConvCmdStatus), (20 bytes).
    Removing stm32f10x_adc.o(i.ADC_ITConfig), (24 bytes).
    Removing stm32f10x_adc.o(i.ADC_Init), (80 bytes).
    Removing stm32f10x_adc.o(i.ADC_InjectedChannelConfig), (130 bytes).
    Removing stm32f10x_adc.o(i.ADC_InjectedDiscModeCmd), (22 bytes).
    Removing stm32f10x_adc.o(i.ADC_InjectedSequencerLengthConfig), (24 bytes).
    Removing stm32f10x_adc.o(i.ADC_RegularChannelConfig), (184 bytes).
    Removing stm32f10x_adc.o(i.ADC_ResetCalibration), (10 bytes).
    Removing stm32f10x_adc.o(i.ADC_SetInjectedOffset), (20 bytes).
    Removing stm32f10x_adc.o(i.ADC_SoftwareStartConvCmd), (22 bytes).
    Removing stm32f10x_adc.o(i.ADC_SoftwareStartInjectedConvCmd), (22 bytes).
    Removing stm32f10x_adc.o(i.ADC_StartCalibration), (10 bytes).
    Removing stm32f10x_adc.o(i.ADC_StructInit), (18 bytes).
    Removing stm32f10x_adc.o(i.ADC_TempSensorVrefintCmd), (36 bytes).
    Removing stm32f10x_bkp.o(i.BKP_ClearFlag), (20 bytes).
    Removing stm32f10x_bkp.o(i.BKP_ClearITPendingBit), (20 bytes).
    Removing stm32f10x_bkp.o(i.BKP_DeInit), (16 bytes).
    Removing stm32f10x_bkp.o(i.BKP_GetFlagStatus), (12 bytes).
    Removing stm32f10x_bkp.o(i.BKP_GetITStatus), (12 bytes).
    Removing stm32f10x_bkp.o(i.BKP_ITConfig), (12 bytes).
    Removing stm32f10x_bkp.o(i.BKP_RTCOutputConfig), (28 bytes).
    Removing stm32f10x_bkp.o(i.BKP_ReadBackupRegister), (28 bytes).
    Removing stm32f10x_bkp.o(i.BKP_SetRTCCalibrationValue), (28 bytes).
    Removing stm32f10x_bkp.o(i.BKP_TamperPinCmd), (12 bytes).
    Removing stm32f10x_bkp.o(i.BKP_TamperPinLevelConfig), (12 bytes).
    Removing stm32f10x_bkp.o(i.BKP_WriteBackupRegister), (28 bytes).
    Removing stm32f10x_cec.o(i.CEC_ClearFlag), (36 bytes).
    Removing stm32f10x_cec.o(i.CEC_ClearITPendingBit), (36 bytes).
    Removing stm32f10x_cec.o(i.CEC_Cmd), (32 bytes).
    Removing stm32f10x_cec.o(i.CEC_DeInit), (22 bytes).
    Removing stm32f10x_cec.o(i.CEC_EndOfMessageCmd), (12 bytes).
    Removing stm32f10x_cec.o(i.CEC_GetFlagStatus), (48 bytes).
    Removing stm32f10x_cec.o(i.CEC_GetITStatus), (40 bytes).
    Removing stm32f10x_cec.o(i.CEC_ITConfig), (12 bytes).
    Removing stm32f10x_cec.o(i.CEC_Init), (32 bytes).
    Removing stm32f10x_cec.o(i.CEC_OwnAddressConfig), (12 bytes).
    Removing stm32f10x_cec.o(i.CEC_ReceiveDataByte), (12 bytes).
    Removing stm32f10x_cec.o(i.CEC_SendDataByte), (12 bytes).
    Removing stm32f10x_cec.o(i.CEC_SetPrescaler), (12 bytes).
    Removing stm32f10x_cec.o(i.CEC_StartOfMessage), (12 bytes).
    Removing stm32f10x_dac.o(i.DAC_Cmd), (40 bytes).
    Removing stm32f10x_dac.o(i.DAC_DMACmd), (44 bytes).
    Removing stm32f10x_dac.o(i.DAC_DeInit), (22 bytes).
    Removing stm32f10x_dac.o(i.DAC_DualSoftwareTriggerCmd), (36 bytes).
    Removing stm32f10x_dac.o(i.DAC_GetDataOutputValue), (36 bytes).
    Removing stm32f10x_dac.o(i.DAC_Init), (52 bytes).
    Removing stm32f10x_dac.o(i.DAC_SetChannel1Data), (32 bytes).
    Removing stm32f10x_dac.o(i.DAC_SetChannel2Data), (32 bytes).
    Removing stm32f10x_dac.o(i.DAC_SetDualChannelData), (36 bytes).
    Removing stm32f10x_dac.o(i.DAC_SoftwareTriggerCmd), (44 bytes).
    Removing stm32f10x_dac.o(i.DAC_StructInit), (12 bytes).
    Removing stm32f10x_dac.o(i.DAC_WaveGenerationCmd), (40 bytes).
    Removing stm32f10x_dma.o(i.DMA_ClearFlag), (28 bytes).
    Removing stm32f10x_dma.o(i.DMA_ClearITPendingBit), (28 bytes).
    Removing stm32f10x_dma.o(i.DMA_Cmd), (24 bytes).
    Removing stm32f10x_dma.o(i.DMA_DeInit), (332 bytes).
    Removing stm32f10x_dma.o(i.DMA_GetCurrDataCounter), (8 bytes).
    Removing stm32f10x_dma.o(i.DMA_GetFlagStatus), (44 bytes).
    Removing stm32f10x_dma.o(i.DMA_GetITStatus), (44 bytes).
    Removing stm32f10x_dma.o(i.DMA_ITConfig), (18 bytes).
    Removing stm32f10x_dma.o(i.DMA_Init), (60 bytes).
    Removing stm32f10x_dma.o(i.DMA_SetCurrDataCounter), (4 bytes).
    Removing stm32f10x_dma.o(i.DMA_StructInit), (26 bytes).
    Removing delay.o(i.delay_us), (76 bytes).
    Removing sys.o(.emb_text), (6 bytes).
    Removing sys.o(i.INTX_DISABLE), (4 bytes).
    Removing sys.o(i.INTX_ENABLE), (4 bytes).
    Removing sys.o(i.WFI_SET), (4 bytes).
    Removing usart.o(.bss), (200 bytes).
    Removing exti.o(i.EXTIX_Init), (92 bytes).

464 unused section(s) (total 17844 bytes) removed from the image.

==============================================================================

Image Symbol Table

    Local Symbols

    Symbol Name                              Value     Ov Type        Size  Object(Section)

    ../clib/angel/boardlib.s                 0x00000000   Number         0  boardshut.o ABSOLUTE
    ../clib/angel/boardlib.s                 0x00000000   Number         0  boardinit1.o ABSOLUTE
    ../clib/angel/boardlib.s                 0x00000000   Number         0  boardinit2.o ABSOLUTE
    ../clib/angel/boardlib.s                 0x00000000   Number         0  boardinit3.o ABSOLUTE
    ../clib/angel/handlers.s                 0x00000000   Number         0  __scatter_zi.o ABSOLUTE
    ../clib/angel/handlers.s                 0x00000000   Number         0  __scatter_copy.o ABSOLUTE
    ../clib/angel/kernel.s                   0x00000000   Number         0  __rtentry4.o ABSOLUTE
    ../clib/angel/kernel.s                   0x00000000   Number         0  __rtentry2.o ABSOLUTE
    ../clib/angel/kernel.s                   0x00000000   Number         0  rtexit.o ABSOLUTE
    ../clib/angel/kernel.s                   0x00000000   Number         0  __rtentry.o ABSOLUTE
    ../clib/angel/kernel.s                   0x00000000   Number         0  rtexit2.o ABSOLUTE
    ../clib/angel/rt.s                       0x00000000   Number         0  rt_raise.o ABSOLUTE
    ../clib/angel/rt.s                       0x00000000   Number         0  rt_locale.o ABSOLUTE
    ../clib/angel/rt.s                       0x00000000   Number         0  rt_locale_intlibspace.o ABSOLUTE
    ../clib/angel/scatter.s                  0x00000000   Number         0  __scatter.o ABSOLUTE
    ../clib/angel/startup.s                  0x00000000   Number         0  __main.o ABSOLUTE
    ../clib/angel/sys.s                      0x00000000   Number         0  indicate_semi.o ABSOLUTE
    ../clib/angel/sys.s                      0x00000000   Number         0  libspace.o ABSOLUTE
    ../clib/angel/sys.s                      0x00000000   Number         0  sys_stackheap_outer.o ABSOLUTE
    ../clib/angel/sys.s                      0x00000000   Number         0  use_no_semi.o ABSOLUTE
    ../clib/angel/sys.s                      0x00000000   Number         0  use_no_semi_2.o ABSOLUTE
    ../clib/angel/sysapp.c                   0x00000000   Number         0  sys_command.o ABSOLUTE
    ../clib/angel/sysapp.c                   0x00000000   Number         0  sys_wrch.o ABSOLUTE
    ../clib/armsys.c                         0x00000000   Number         0  argv_veneer.o ABSOLUTE
    ../clib/armsys.c                         0x00000000   Number         0  argv_veneer.o ABSOLUTE
    ../clib/armsys.c                         0x00000000   Number         0  no_argv.o ABSOLUTE
    ../clib/armsys.c                         0x00000000   Number         0  _get_argv_nomalloc.o ABSOLUTE
    ../clib/bigflt.c                         0x00000000   Number         0  bigflt0.o ABSOLUTE
    ../clib/btod.s                           0x00000000   Number         0  btod.o ABSOLUTE
    ../clib/heapalloc.c                      0x00000000   Number         0  hrguard.o ABSOLUTE
    ../clib/heapaux.c                        0x00000000   Number         0  heapauxi.o ABSOLUTE
    ../clib/libinit.s                        0x00000000   Number         0  libshutdown.o ABSOLUTE
    ../clib/libinit.s                        0x00000000   Number         0  libinit2.o ABSOLUTE
    ../clib/libinit.s                        0x00000000   Number         0  libinit.o ABSOLUTE
    ../clib/libinit.s                        0x00000000   Number         0  libshutdown2.o ABSOLUTE
    ../clib/locale.s                         0x00000000   Number         0  lc_numeric_c.o ABSOLUTE
    ../clib/longlong.s                       0x00000000   Number         0  lludiv10.o ABSOLUTE
    ../clib/memcpset.s                       0x00000000   Number         0  strcmpv7m.o ABSOLUTE
    ../clib/misc.s                           0x00000000   Number         0  printf_stubs.o ABSOLUTE
    ../clib/printf.c                         0x00000000   Number         0  __printf_nopercent.o ABSOLUTE
    ../clib/printf.c                         0x00000000   Number         0  _printf_dec.o ABSOLUTE
    ../clib/printf.c                         0x00000000   Number         0  _printf_fp_infnan.o ABSOLUTE
    ../clib/printf.c                         0x00000000   Number         0  _printf_char_common.o ABSOLUTE
    ../clib/printf.c                         0x00000000   Number         0  _printf_char_file.o ABSOLUTE
    ../clib/printf.c                         0x00000000   Number         0  _printf_fp_dec.o ABSOLUTE
    ../clib/printf.c                         0x00000000   Number         0  _printf_intcommon.o ABSOLUTE
    ../clib/printf.c                         0x00000000   Number         0  __2printf.o ABSOLUTE
    ../clib/printf.c                         0x00000000   Number         0  noretval__2printf.o ABSOLUTE
    ../clib/printf.c                         0x00000000   Number         0  __printf.o ABSOLUTE
    ../clib/printf.c                         0x00000000   Number         0  __printf_flags.o ABSOLUTE
    ../clib/printf.c                         0x00000000   Number         0  __printf_ss.o ABSOLUTE
    ../clib/printf.c                         0x00000000   Number         0  __printf_flags_ss.o ABSOLUTE
    ../clib/printf.c                         0x00000000   Number         0  __printf_wp.o ABSOLUTE
    ../clib/printf.c                         0x00000000   Number         0  __printf_flags_wp.o ABSOLUTE
    ../clib/printf.c                         0x00000000   Number         0  __printf_ss_wp.o ABSOLUTE
    ../clib/printf.c                         0x00000000   Number         0  __printf_flags_ss_wp.o ABSOLUTE
    ../clib/printf_percent.s                 0x00000000   Number         0  _printf_percent_end.o ABSOLUTE
    ../clib/printf_percent.s                 0x00000000   Number         0  _printf_percent.o ABSOLUTE
    ../clib/printf_percent.s                 0x00000000   Number         0  _printf_f.o ABSOLUTE
    ../clib/printf_percent.s                 0x00000000   Number         0  _printf_d.o ABSOLUTE
    ../clib/signal.c                         0x00000000   Number         0  defsig_rtmem_inner.o ABSOLUTE
    ../clib/signal.c                         0x00000000   Number         0  defsig_exit.o ABSOLUTE
    ../clib/signal.c                         0x00000000   Number         0  defsig_rtmem_formal.o ABSOLUTE
    ../clib/signal.c                         0x00000000   Number         0  defsig_rtmem_outer.o ABSOLUTE
    ../clib/signal.c                         0x00000000   Number         0  defsig_rtred_inner.o ABSOLUTE
    ../clib/signal.c                         0x00000000   Number         0  defsig_other.o ABSOLUTE
    ../clib/signal.c                         0x00000000   Number         0  defsig_segv_inner.o ABSOLUTE
    ../clib/signal.c                         0x00000000   Number         0  defsig_cppl_inner.o ABSOLUTE
    ../clib/signal.c                         0x00000000   Number         0  defsig_pvfn_inner.o ABSOLUTE
    ../clib/signal.c                         0x00000000   Number         0  defsig_stak_inner.o ABSOLUTE
    ../clib/signal.c                         0x00000000   Number         0  defsig_fpe_inner.o ABSOLUTE
    ../clib/signal.c                         0x00000000   Number         0  defsig_abrt_inner.o ABSOLUTE
    ../clib/signal.c                         0x00000000   Number         0  defsig_general.o ABSOLUTE
    ../clib/signal.c                         0x00000000   Number         0  __raise.o ABSOLUTE
    ../clib/signal.s                         0x00000000   Number         0  defsig.o ABSOLUTE
    ../clib/stdio.c                          0x00000000   Number         0  ferror.o ABSOLUTE
    ../clib/stdio.c                          0x00000000   Number         0  ferror_locked.o ABSOLUTE
    ../clib/stdlib.c                         0x00000000   Number         0  exit.o ABSOLUTE
    ../fplib/daddsub.s                       0x00000000   Number         0  daddsub_clz.o ABSOLUTE
    ../fplib/dcmpi.s                         0x00000000   Number         0  dcmpi.o ABSOLUTE
    ../fplib/ddiv.s                          0x00000000   Number         0  ddiv.o ABSOLUTE
    ../fplib/dfix.s                          0x00000000   Number         0  dfix.o ABSOLUTE
    ../fplib/dflt.s                          0x00000000   Number         0  dflt_clz.o ABSOLUTE
    ../fplib/dleqf.s                         0x00000000   Number         0  dleqf.o ABSOLUTE
    ../fplib/dmul.s                          0x00000000   Number         0  dmul.o ABSOLUTE
    ../fplib/dnaninf.s                       0x00000000   Number         0  dnaninf.o ABSOLUTE
    ../fplib/dretinf.s                       0x00000000   Number         0  dretinf.o ABSOLUTE
    ../fplib/f2d.s                           0x00000000   Number         0  f2d.o ABSOLUTE
    ../fplib/faddsub.s                       0x00000000   Number         0  faddsub_clz.o ABSOLUTE
    ../fplib/fcmpi.s                         0x00000000   Number         0  fcmpi.o ABSOLUTE
    ../fplib/fdiv.s                          0x00000000   Number         0  fdiv.o ABSOLUTE
    ../fplib/ffix.s                          0x00000000   Number         0  ffix.o ABSOLUTE
    ../fplib/fflt.s                          0x00000000   Number         0  fflt_clz.o ABSOLUTE
    ../fplib/fleqf.s                         0x00000000   Number         0  fleqf.o ABSOLUTE
    ../fplib/fmul.s                          0x00000000   Number         0  fmul.o ABSOLUTE
    ../fplib/fnaninf.s                       0x00000000   Number         0  fnaninf.o ABSOLUTE
    ../fplib/fpinit.s                        0x00000000   Number         0  fpinit.o ABSOLUTE
    ../fplib/fretinf.s                       0x00000000   Number         0  fretinf.o ABSOLUTE
    ../fplib/frleqf.s                        0x00000000   Number         0  frleqf.o ABSOLUTE
    ../fplib/istatus.s                       0x00000000   Number         0  istatus.o ABSOLUTE
    ../fplib/printf1.s                       0x00000000   Number         0  printf1.o ABSOLUTE
    ../fplib/usenofp.s                       0x00000000   Number         0  usenofp.o ABSOLUTE
    ../mathlib/fpclassify.c                  0x00000000   Number         0  fpclassify.o ABSOLUTE
    CORE\\core_cm3.c                         0x00000000   Number         0  core_cm3.o ABSOLUTE
    CORE\core_cm3.c                          0x00000000   Number         0  core_cm3.o ABSOLUTE
    CORE\startup_stm32f10x_hd.s              0x00000000   Number         0  startup_stm32f10x_hd.o ABSOLUTE
    HARDWARE\ADC\adc.c                       0x00000000   Number         0  adc.o ABSOLUTE
    HARDWARE\CAN\can.c                       0x00000000   Number         0  can.o ABSOLUTE
    HARDWARE\Motor\motor.c                   0x00000000   Number         0  motor.o ABSOLUTE
    HARDWARE\STEPPER\stepper.c               0x00000000   Number         0  stepper.o ABSOLUTE
    HARDWARE\TIMER\timer.c                   0x00000000   Number         0  timer.o ABSOLUTE
    HARDWARE\my_lib.c                        0x00000000   Number         0  my_lib.o ABSOLUTE
    STM32F10x_FWLib\src\misc.c               0x00000000   Number         0  misc.o ABSOLUTE
    STM32F10x_FWLib\src\stm32f10x_adc.c      0x00000000   Number         0  stm32f10x_adc.o ABSOLUTE
    STM32F10x_FWLib\src\stm32f10x_bkp.c      0x00000000   Number         0  stm32f10x_bkp.o ABSOLUTE
    STM32F10x_FWLib\src\stm32f10x_can.c      0x00000000   Number         0  stm32f10x_can.o ABSOLUTE
    STM32F10x_FWLib\src\stm32f10x_cec.c      0x00000000   Number         0  stm32f10x_cec.o ABSOLUTE
    STM32F10x_FWLib\src\stm32f10x_crc.c      0x00000000   Number         0  stm32f10x_crc.o ABSOLUTE
    STM32F10x_FWLib\src\stm32f10x_dac.c      0x00000000   Number         0  stm32f10x_dac.o ABSOLUTE
    STM32F10x_FWLib\src\stm32f10x_dbgmcu.c   0x00000000   Number         0  stm32f10x_dbgmcu.o ABSOLUTE
    STM32F10x_FWLib\src\stm32f10x_dma.c      0x00000000   Number         0  stm32f10x_dma.o ABSOLUTE
    STM32F10x_FWLib\src\stm32f10x_exti.c     0x00000000   Number         0  stm32f10x_exti.o ABSOLUTE
    STM32F10x_FWLib\src\stm32f10x_flash.c    0x00000000   Number         0  stm32f10x_flash.o ABSOLUTE
    STM32F10x_FWLib\src\stm32f10x_fsmc.c     0x00000000   Number         0  stm32f10x_fsmc.o ABSOLUTE
    STM32F10x_FWLib\src\stm32f10x_gpio.c     0x00000000   Number         0  stm32f10x_gpio.o ABSOLUTE
    STM32F10x_FWLib\src\stm32f10x_i2c.c      0x00000000   Number         0  stm32f10x_i2c.o ABSOLUTE
    STM32F10x_FWLib\src\stm32f10x_iwdg.c     0x00000000   Number         0  stm32f10x_iwdg.o ABSOLUTE
    STM32F10x_FWLib\src\stm32f10x_pwr.c      0x00000000   Number         0  stm32f10x_pwr.o ABSOLUTE
    STM32F10x_FWLib\src\stm32f10x_rcc.c      0x00000000   Number         0  stm32f10x_rcc.o ABSOLUTE
    STM32F10x_FWLib\src\stm32f10x_rtc.c      0x00000000   Number         0  stm32f10x_rtc.o ABSOLUTE
    STM32F10x_FWLib\src\stm32f10x_sdio.c     0x00000000   Number         0  stm32f10x_sdio.o ABSOLUTE
    STM32F10x_FWLib\src\stm32f10x_spi.c      0x00000000   Number         0  stm32f10x_spi.o ABSOLUTE
    STM32F10x_FWLib\src\stm32f10x_tim.c      0x00000000   Number         0  stm32f10x_tim.o ABSOLUTE
    STM32F10x_FWLib\src\stm32f10x_usart.c    0x00000000   Number         0  stm32f10x_usart.o ABSOLUTE
    STM32F10x_FWLib\src\stm32f10x_wwdg.c     0x00000000   Number         0  stm32f10x_wwdg.o ABSOLUTE
    SYSTEM\\sys\\sys.c                       0x00000000   Number         0  sys.o ABSOLUTE
    SYSTEM\delay\delay.c                     0x00000000   Number         0  delay.o ABSOLUTE
    SYSTEM\exti\exti.c                       0x00000000   Number         0  exti.o ABSOLUTE
    SYSTEM\sys\sys.c                         0x00000000   Number         0  sys.o ABSOLUTE
    SYSTEM\usart\usart.c                     0x00000000   Number         0  usart.o ABSOLUTE
    USER\main.c                              0x00000000   Number         0  main.o ABSOLUTE
    USER\stm32f10x_it.c                      0x00000000   Number         0  stm32f10x_it.o ABSOLUTE
    USER\system_stm32f10x.c                  0x00000000   Number         0  system_stm32f10x.o ABSOLUTE
    dc.s                                     0x00000000   Number         0  dc.o ABSOLUTE
    RESET                                    0x08000000   Section      304  startup_stm32f10x_hd.o(RESET)
    !!!main                                  0x08000130   Section        8  __main.o(!!!main)
    !!!scatter                               0x08000138   Section       52  __scatter.o(!!!scatter)
    !!handler_copy                           0x0800016c   Section       26  __scatter_copy.o(!!handler_copy)
    !!handler_zi                             0x08000188   Section       28  __scatter_zi.o(!!handler_zi)
    .ARM.Collect$$_printf_percent$$00000000  0x080001a4   Section        0  _printf_percent.o(.ARM.Collect$$_printf_percent$$00000000)
    .ARM.Collect$$_printf_percent$$00000009  0x080001a4   Section        6  _printf_d.o(.ARM.Collect$$_printf_percent$$00000009)
    .ARM.Collect$$_printf_percent$$00000017  0x080001aa   Section        4  _printf_percent_end.o(.ARM.Collect$$_printf_percent$$00000017)
    .ARM.Collect$$libinit$$00000000          0x080001ae   Section        2  libinit.o(.ARM.Collect$$libinit$$00000000)
    .ARM.Collect$$libinit$$00000002          0x080001b0   Section        0  libinit2.o(.ARM.Collect$$libinit$$00000002)
    .ARM.Collect$$libinit$$00000004          0x080001b0   Section        0  libinit2.o(.ARM.Collect$$libinit$$00000004)
    .ARM.Collect$$libinit$$0000000A          0x080001b0   Section        0  libinit2.o(.ARM.Collect$$libinit$$0000000A)
    .ARM.Collect$$libinit$$0000000C          0x080001b0   Section        0  libinit2.o(.ARM.Collect$$libinit$$0000000C)
    .ARM.Collect$$libinit$$0000000E          0x080001b0   Section        0  libinit2.o(.ARM.Collect$$libinit$$0000000E)
    .ARM.Collect$$libinit$$00000011          0x080001b0   Section        0  libinit2.o(.ARM.Collect$$libinit$$00000011)
    .ARM.Collect$$libinit$$00000013          0x080001b0   Section        0  libinit2.o(.ARM.Collect$$libinit$$00000013)
    .ARM.Collect$$libinit$$00000015          0x080001b0   Section        0  libinit2.o(.ARM.Collect$$libinit$$00000015)
    .ARM.Collect$$libinit$$00000017          0x080001b0   Section        0  libinit2.o(.ARM.Collect$$libinit$$00000017)
    .ARM.Collect$$libinit$$00000019          0x080001b0   Section        0  libinit2.o(.ARM.Collect$$libinit$$00000019)
    .ARM.Collect$$libinit$$0000001B          0x080001b0   Section        0  libinit2.o(.ARM.Collect$$libinit$$0000001B)
    .ARM.Collect$$libinit$$0000001D          0x080001b0   Section        0  libinit2.o(.ARM.Collect$$libinit$$0000001D)
    .ARM.Collect$$libinit$$0000001F          0x080001b0   Section        0  libinit2.o(.ARM.Collect$$libinit$$0000001F)
    .ARM.Collect$$libinit$$00000021          0x080001b0   Section        0  libinit2.o(.ARM.Collect$$libinit$$00000021)
    .ARM.Collect$$libinit$$00000023          0x080001b0   Section        0  libinit2.o(.ARM.Collect$$libinit$$00000023)
    .ARM.Collect$$libinit$$00000025          0x080001b0   Section        0  libinit2.o(.ARM.Collect$$libinit$$00000025)
    .ARM.Collect$$libinit$$0000002C          0x080001b0   Section        0  libinit2.o(.ARM.Collect$$libinit$$0000002C)
    .ARM.Collect$$libinit$$0000002E          0x080001b0   Section        0  libinit2.o(.ARM.Collect$$libinit$$0000002E)
    .ARM.Collect$$libinit$$00000030          0x080001b0   Section        0  libinit2.o(.ARM.Collect$$libinit$$00000030)
    .ARM.Collect$$libinit$$00000032          0x080001b0   Section        0  libinit2.o(.ARM.Collect$$libinit$$00000032)
    .ARM.Collect$$libinit$$00000033          0x080001b0   Section        2  libinit2.o(.ARM.Collect$$libinit$$00000033)
    .ARM.Collect$$libshutdown$$00000000      0x080001b2   Section        2  libshutdown.o(.ARM.Collect$$libshutdown$$00000000)
    .ARM.Collect$$libshutdown$$00000002      0x080001b4   Section        0  libshutdown2.o(.ARM.Collect$$libshutdown$$00000002)
    .ARM.Collect$$libshutdown$$00000004      0x080001b4   Section        0  libshutdown2.o(.ARM.Collect$$libshutdown$$00000004)
    .ARM.Collect$$libshutdown$$00000007      0x080001b4   Section        0  libshutdown2.o(.ARM.Collect$$libshutdown$$00000007)
    .ARM.Collect$$libshutdown$$0000000A      0x080001b4   Section        0  libshutdown2.o(.ARM.Collect$$libshutdown$$0000000A)
    .ARM.Collect$$libshutdown$$0000000C      0x080001b4   Section        0  libshutdown2.o(.ARM.Collect$$libshutdown$$0000000C)
    .ARM.Collect$$libshutdown$$0000000F      0x080001b4   Section        0  libshutdown2.o(.ARM.Collect$$libshutdown$$0000000F)
    .ARM.Collect$$libshutdown$$00000010      0x080001b4   Section        2  libshutdown2.o(.ARM.Collect$$libshutdown$$00000010)
    .ARM.Collect$$rtentry$$00000000          0x080001b6   Section        0  __rtentry.o(.ARM.Collect$$rtentry$$00000000)
    .ARM.Collect$$rtentry$$00000002          0x080001b6   Section        0  __rtentry2.o(.ARM.Collect$$rtentry$$00000002)
    .ARM.Collect$$rtentry$$00000004          0x080001b6   Section        6  __rtentry4.o(.ARM.Collect$$rtentry$$00000004)
    .ARM.Collect$$rtentry$$00000009          0x080001bc   Section        0  __rtentry2.o(.ARM.Collect$$rtentry$$00000009)
    .ARM.Collect$$rtentry$$0000000A          0x080001bc   Section        4  __rtentry2.o(.ARM.Collect$$rtentry$$0000000A)
    .ARM.Collect$$rtentry$$0000000C          0x080001c0   Section        0  __rtentry2.o(.ARM.Collect$$rtentry$$0000000C)
    .ARM.Collect$$rtentry$$0000000D          0x080001c0   Section        8  __rtentry2.o(.ARM.Collect$$rtentry$$0000000D)
    .ARM.Collect$$rtexit$$00000000           0x080001c8   Section        2  rtexit.o(.ARM.Collect$$rtexit$$00000000)
    .ARM.Collect$$rtexit$$00000002           0x080001ca   Section        0  rtexit2.o(.ARM.Collect$$rtexit$$00000002)
    .ARM.Collect$$rtexit$$00000003           0x080001ca   Section        4  rtexit2.o(.ARM.Collect$$rtexit$$00000003)
    .ARM.Collect$$rtexit$$00000004           0x080001ce   Section        6  rtexit2.o(.ARM.Collect$$rtexit$$00000004)
    .text                                    0x080001d4   Section       64  startup_stm32f10x_hd.o(.text)
    .text                                    0x08000214   Section        2  use_no_semi_2.o(.text)
    .text                                    0x08000218   Section        0  noretval__2printf.o(.text)
    .text                                    0x08000230   Section        0  _printf_dec.o(.text)
    .text                                    0x080002a8   Section        0  __printf_ss.o(.text)
    .text                                    0x08000360   Section        0  heapauxi.o(.text)
    .text                                    0x08000366   Section        2  use_no_semi.o(.text)
    .text                                    0x08000368   Section        0  _printf_intcommon.o(.text)
    .text                                    0x0800041c   Section        0  _printf_char_file.o(.text)
    .text                                    0x08000440   Section        0  _printf_char_common.o(.text)
    _printf_input_char                       0x08000441   Thumb Code    10  _printf_char_common.o(.text)
    .text                                    0x08000470   Section        0  ferror.o(.text)
    .text                                    0x08000478   Section        8  libspace.o(.text)
    .text                                    0x08000480   Section       74  sys_stackheap_outer.o(.text)
    .text                                    0x080004ca   Section        0  exit.o(.text)
    i.BusFault_Handler                       0x080004dc   Section        0  stm32f10x_it.o(i.BusFault_Handler)
    i.CAN_Decode                             0x080004e0   Section        0  can.o(i.CAN_Decode)
    i.CAN_FilterInit                         0x08000508   Section        0  stm32f10x_can.o(i.CAN_FilterInit)
    i.CAN_Init                               0x08000610   Section        0  stm32f10x_can.o(i.CAN_Init)
    i.CAN_MessagePending                     0x08000724   Section        0  stm32f10x_can.o(i.CAN_MessagePending)
    i.CAN_Mode_Init                          0x08000744   Section        0  can.o(i.CAN_Mode_Init)
    i.CAN_Receive                            0x08000814   Section        0  stm32f10x_can.o(i.CAN_Receive)
    i.CAN_Transmit                           0x08000904   Section        0  stm32f10x_can.o(i.CAN_Transmit)
    i.CAN_TransmitStatus                     0x08000a2c   Section        0  stm32f10x_can.o(i.CAN_TransmitStatus)
    i.Can_Receive_Msg                        0x08000acc   Section        0  can.o(i.Can_Receive_Msg)
    i.Can_Send_Msg                           0x08000b08   Section        0  can.o(i.Can_Send_Msg)
    i.DebugMon_Handler                       0x08000b74   Section        0  stm32f10x_it.o(i.DebugMon_Handler)
    i.EXTI2_IRQHandler                       0x08000b76   Section        0  stm32f10x_it.o(i.EXTI2_IRQHandler)
    i.EXTI_ClearITPendingBit                 0x08000b80   Section        0  stm32f10x_exti.o(i.EXTI_ClearITPendingBit)
    i.Encoder_Init                           0x08000b8c   Section        0  motor.o(i.Encoder_Init)
    i.Encoder_Init_Stepper                   0x08000c18   Section        0  stepper.o(i.Encoder_Init_Stepper)
    i.GPIO_Init                              0x08000cc0   Section        0  stm32f10x_gpio.o(i.GPIO_Init)
    i.GPIO_ResetBits                         0x08000dd6   Section        0  stm32f10x_gpio.o(i.GPIO_ResetBits)
    i.GPIO_SetBits                           0x08000dda   Section        0  stm32f10x_gpio.o(i.GPIO_SetBits)
    i.HardFault_Handler                      0x08000dde   Section        0  stm32f10x_it.o(i.HardFault_Handler)
    i.MemManage_Handler                      0x08000de2   Section        0  stm32f10x_it.o(i.MemManage_Handler)
    i.Motorinit                              0x08000de8   Section        0  motor.o(i.Motorinit)
    i.NMI_Handler                            0x08000e7c   Section        0  stm32f10x_it.o(i.NMI_Handler)
    i.NVIC_Init                              0x08000e80   Section        0  misc.o(i.NVIC_Init)
    i.NVIC_PriorityGroupConfig               0x08000ef0   Section        0  misc.o(i.NVIC_PriorityGroupConfig)
    i.PendSV_Handler                         0x08000f04   Section        0  stm32f10x_it.o(i.PendSV_Handler)
    i.RCC_APB1PeriphClockCmd                 0x08000f08   Section        0  stm32f10x_rcc.o(i.RCC_APB1PeriphClockCmd)
    i.RCC_APB2PeriphClockCmd                 0x08000f28   Section        0  stm32f10x_rcc.o(i.RCC_APB2PeriphClockCmd)
    i.RCC_GetClocksFreq                      0x08000f48   Section        0  stm32f10x_rcc.o(i.RCC_GetClocksFreq)
    i.SVC_Handler                            0x0800101c   Section        0  stm32f10x_it.o(i.SVC_Handler)
    i.SetSysClock                            0x0800101e   Section        0  system_stm32f10x.o(i.SetSysClock)
    SetSysClock                              0x0800101f   Thumb Code     8  system_stm32f10x.o(i.SetSysClock)
    i.SetSysClockTo72                        0x08001028   Section        0  system_stm32f10x.o(i.SetSysClockTo72)
    SetSysClockTo72                          0x08001029   Thumb Code   214  system_stm32f10x.o(i.SetSysClockTo72)
    i.Stepperinit                            0x08001108   Section        0  stepper.o(i.Stepperinit)
    i.SysTick_CLKSourceConfig                0x08001150   Section        0  misc.o(i.SysTick_CLKSourceConfig)
    i.SysTick_Handler                        0x08001178   Section        0  stm32f10x_it.o(i.SysTick_Handler)
    i.SystemInit                             0x0800117c   Section        0  system_stm32f10x.o(i.SystemInit)
    i.TIM4_IRQHandler                        0x080011dc   Section        0  stm32f10x_it.o(i.TIM4_IRQHandler)
    i.TIM4_Int_Init                          0x080012b8   Section        0  my_lib.o(i.TIM4_Int_Init)
    i.TIM_ClearITPendingBit                  0x08001318   Section        0  stm32f10x_tim.o(i.TIM_ClearITPendingBit)
    i.TIM_Cmd                                0x0800131e   Section        0  stm32f10x_tim.o(i.TIM_Cmd)
    i.TIM_GetITStatus                        0x08001336   Section        0  stm32f10x_tim.o(i.TIM_GetITStatus)
    i.TIM_ITConfig                           0x08001358   Section        0  stm32f10x_tim.o(i.TIM_ITConfig)
    i.TIM_OC1Init                            0x0800136c   Section        0  stm32f10x_tim.o(i.TIM_OC1Init)
    i.TIM_OC2Init                            0x08001404   Section        0  stm32f10x_tim.o(i.TIM_OC2Init)
    i.TIM_SetCompare1                        0x080014a8   Section        0  stm32f10x_tim.o(i.TIM_SetCompare1)
    i.TIM_SetCompare2                        0x080014ac   Section        0  stm32f10x_tim.o(i.TIM_SetCompare2)
    i.TIM_TimeBaseInit                       0x080014b0   Section        0  stm32f10x_tim.o(i.TIM_TimeBaseInit)
    i.USART1_IRQHandler                      0x08001554   Section        0  stm32f10x_it.o(i.USART1_IRQHandler)
    i.USART2_IRQHandler                      0x08001568   Section        0  stm32f10x_it.o(i.USART2_IRQHandler)
    i.USART_Cmd                              0x080015b4   Section        0  stm32f10x_usart.o(i.USART_Cmd)
    i.USART_GetITStatus                      0x080015cc   Section        0  stm32f10x_usart.o(i.USART_GetITStatus)
    i.USART_ITConfig                         0x08001620   Section        0  stm32f10x_usart.o(i.USART_ITConfig)
    i.USART_Init                             0x0800166c   Section        0  stm32f10x_usart.o(i.USART_Init)
    i.USART_ReceiveData                      0x08001744   Section        0  stm32f10x_usart.o(i.USART_ReceiveData)
    i.UsageFault_Handler                     0x0800174e   Section        0  stm32f10x_it.o(i.UsageFault_Handler)
    i._sys_exit                              0x08001752   Section        0  usart.o(i._sys_exit)
    i.delay_init                             0x08001758   Section        0  delay.o(i.delay_init)
    i.delay_ms                               0x0800179c   Section        0  delay.o(i.delay_ms)
    i.fputc                                  0x080017e8   Section        0  usart.o(i.fputc)
    i.main                                   0x08001804   Section        0  main.o(i.main)
    i.setangle_open                          0x08001934   Section        0  stepper.o(i.setangle_open)
    i.uart_init                              0x0800198c   Section        0  usart.o(i.uart_init)
    x$fpl$dadd                               0x08001a2c   Section      336  daddsub_clz.o(x$fpl$dadd)
    _dadd1                                   0x08001a3d   Thumb Code     0  daddsub_clz.o(x$fpl$dadd)
    x$fpl$ddiv                               0x08001b7c   Section      688  ddiv.o(x$fpl$ddiv)
    ddiv_entry                               0x08001b83   Thumb Code     0  ddiv.o(x$fpl$ddiv)
    x$fpl$dfix                               0x08001e2c   Section       94  dfix.o(x$fpl$dfix)
    x$fpl$dflt                               0x08001e8a   Section       46  dflt_clz.o(x$fpl$dflt)
    x$fpl$dmul                               0x08001eb8   Section      340  dmul.o(x$fpl$dmul)
    x$fpl$dnaninf                            0x0800200c   Section      156  dnaninf.o(x$fpl$dnaninf)
    x$fpl$dretinf                            0x080020a8   Section       12  dretinf.o(x$fpl$dretinf)
    x$fpl$dsub                               0x080020b4   Section      468  daddsub_clz.o(x$fpl$dsub)
    _dsub1                                   0x080020c5   Thumb Code     0  daddsub_clz.o(x$fpl$dsub)
    x$fpl$fdiv                               0x08002288   Section      388  fdiv.o(x$fpl$fdiv)
    _fdiv1                                   0x08002289   Thumb Code     0  fdiv.o(x$fpl$fdiv)
    x$fpl$ffix                               0x0800240c   Section       54  ffix.o(x$fpl$ffix)
    x$fpl$fflt                               0x08002444   Section       48  fflt_clz.o(x$fpl$fflt)
    x$fpl$fmul                               0x08002474   Section      258  fmul.o(x$fpl$fmul)
    x$fpl$fnaninf                            0x08002576   Section      140  fnaninf.o(x$fpl$fnaninf)
    x$fpl$fretinf                            0x08002602   Section       10  fretinf.o(x$fpl$fretinf)
    x$fpl$usenofp                            0x0800260c   Section        0  usenofp.o(x$fpl$usenofp)
    .data                                    0x20000000   Section       68  main.o(.data)
    .data                                    0x20000048   Section       32  stm32f10x_it.o(.data)
    .data                                    0x20000068   Section       20  system_stm32f10x.o(.data)
    .data                                    0x2000007c   Section       20  stm32f10x_rcc.o(.data)
    APBAHBPrescTable                         0x2000007c   Data          16  stm32f10x_rcc.o(.data)
    ADCPrescTable                            0x2000008c   Data           4  stm32f10x_rcc.o(.data)
    .data                                    0x20000090   Section        4  delay.o(.data)
    fac_us                                   0x20000090   Data           1  delay.o(.data)
    fac_ms                                   0x20000092   Data           2  delay.o(.data)
    .data                                    0x20000094   Section        6  usart.o(.data)
    .bss                                     0x2000009c   Section        9  main.o(.bss)
    .bss                                     0x200000a8   Section       96  libspace.o(.bss)
    HEAP                                     0x20000108   Section      512  startup_stm32f10x_hd.o(HEAP)
    Heap_Mem                                 0x20000108   Data         512  startup_stm32f10x_hd.o(HEAP)
    STACK                                    0x20000308   Section     1024  startup_stm32f10x_hd.o(STACK)
    Stack_Mem                                0x20000308   Data        1024  startup_stm32f10x_hd.o(STACK)
    __initial_sp                             0x20000708   Data           0  startup_stm32f10x_hd.o(STACK)

    Global Symbols

    Symbol Name                              Value     Ov Type        Size  Object(Section)

    BuildAttributes$$THM_ISAv4$P$D$K$B$S$PE$A:L22UL41UL21$X:L11$S22US41US21$IEEE1$IW$USESV6$~STKCKD$USESV7$~SHL$OTIME$ROPI$IEEEJ$EBA8$UX$STANDARDLIB$REQ8$PRES8$EABIv2 0x00000000   Number         0  anon$$obj.o ABSOLUTE
    __ARM_use_no_argv                        0x00000000   Number         0  main.o ABSOLUTE
    _printf_flags                            0x00000000   Number         0  printf_stubs.o ABSOLUTE
    _printf_return_value                     0x00000000   Number         0  printf_stubs.o ABSOLUTE
    _printf_sizespec                         0x00000000   Number         0  printf_stubs.o ABSOLUTE
    _printf_widthprec                        0x00000000   Number         0  printf_stubs.o ABSOLUTE
    __ARM_exceptions_init                     - Undefined Weak Reference
    __alloca_initialize                       - Undefined Weak Reference
    __arm_preinit_                            - Undefined Weak Reference
    __cpp_initialize__aeabi_                  - Undefined Weak Reference
    __cxa_finalize                            - Undefined Weak Reference
    __sigvec_lookup                           - Undefined Weak Reference
    _atexit_init                              - Undefined Weak Reference
    _call_atexit_fns                          - Undefined Weak Reference
    _clock_init                               - Undefined Weak Reference
    _fp_trap_init                             - Undefined Weak Reference
    _fp_trap_shutdown                         - Undefined Weak Reference
    _get_lc_collate                           - Undefined Weak Reference
    _get_lc_ctype                             - Undefined Weak Reference
    _get_lc_monetary                          - Undefined Weak Reference
    _get_lc_time                              - Undefined Weak Reference
    _getenv_init                              - Undefined Weak Reference
    _handle_redirection                       - Undefined Weak Reference
    _init_alloc                               - Undefined Weak Reference
    _init_user_alloc                          - Undefined Weak Reference
    _initio                                   - Undefined Weak Reference
    _mutex_acquire                            - Undefined Weak Reference
    _mutex_release                            - Undefined Weak Reference
    _printf_post_padding                      - Undefined Weak Reference
    _printf_pre_padding                       - Undefined Weak Reference
    _printf_truncate_signed                   - Undefined Weak Reference
    _printf_truncate_unsigned                 - Undefined Weak Reference
    _rand_init                                - Undefined Weak Reference
    _signal_finish                            - Undefined Weak Reference
    _signal_init                              - Undefined Weak Reference
    _terminate_alloc                          - Undefined Weak Reference
    _terminate_user_alloc                     - Undefined Weak Reference
    _terminateio                              - Undefined Weak Reference
    __Vectors_Size                           0x00000130   Number         0  startup_stm32f10x_hd.o ABSOLUTE
    __Vectors                                0x08000000   Data           4  startup_stm32f10x_hd.o(RESET)
    __Vectors_End                            0x08000130   Data           0  startup_stm32f10x_hd.o(RESET)
    __main                                   0x08000131   Thumb Code     8  __main.o(!!!main)
    __scatterload                            0x08000139   Thumb Code     0  __scatter.o(!!!scatter)
    __scatterload_rt2                        0x08000139   Thumb Code    44  __scatter.o(!!!scatter)
    __scatterload_rt2_thumb_only             0x08000139   Thumb Code     0  __scatter.o(!!!scatter)
    __scatterload_null                       0x08000147   Thumb Code     0  __scatter.o(!!!scatter)
    __scatterload_copy                       0x0800016d   Thumb Code    26  __scatter_copy.o(!!handler_copy)
    __scatterload_zeroinit                   0x08000189   Thumb Code    28  __scatter_zi.o(!!handler_zi)
    _printf_d                                0x080001a5   Thumb Code     0  _printf_d.o(.ARM.Collect$$_printf_percent$$00000009)
    _printf_percent                          0x080001a5   Thumb Code     0  _printf_percent.o(.ARM.Collect$$_printf_percent$$00000000)
    _printf_percent_end                      0x080001ab   Thumb Code     0  _printf_percent_end.o(.ARM.Collect$$_printf_percent$$00000017)
    __rt_lib_init                            0x080001af   Thumb Code     0  libinit.o(.ARM.Collect$$libinit$$00000000)
    __rt_lib_init_alloca_1                   0x080001b1   Thumb Code     0  libinit2.o(.ARM.Collect$$libinit$$0000002E)
    __rt_lib_init_argv_1                     0x080001b1   Thumb Code     0  libinit2.o(.ARM.Collect$$libinit$$0000002C)
    __rt_lib_init_atexit_1                   0x080001b1   Thumb Code     0  libinit2.o(.ARM.Collect$$libinit$$0000001B)
    __rt_lib_init_clock_1                    0x080001b1   Thumb Code     0  libinit2.o(.ARM.Collect$$libinit$$00000021)
    __rt_lib_init_cpp_1                      0x080001b1   Thumb Code     0  libinit2.o(.ARM.Collect$$libinit$$00000032)
    __rt_lib_init_exceptions_1               0x080001b1   Thumb Code     0  libinit2.o(.ARM.Collect$$libinit$$00000030)
    __rt_lib_init_fp_1                       0x080001b1   Thumb Code     0  libinit2.o(.ARM.Collect$$libinit$$00000002)
    __rt_lib_init_fp_trap_1                  0x080001b1   Thumb Code     0  libinit2.o(.ARM.Collect$$libinit$$0000001F)
    __rt_lib_init_getenv_1                   0x080001b1   Thumb Code     0  libinit2.o(.ARM.Collect$$libinit$$00000023)
    __rt_lib_init_heap_1                     0x080001b1   Thumb Code     0  libinit2.o(.ARM.Collect$$libinit$$0000000A)
    __rt_lib_init_lc_collate_1               0x080001b1   Thumb Code     0  libinit2.o(.ARM.Collect$$libinit$$00000011)
    __rt_lib_init_lc_ctype_1                 0x080001b1   Thumb Code     0  libinit2.o(.ARM.Collect$$libinit$$00000013)
    __rt_lib_init_lc_monetary_1              0x080001b1   Thumb Code     0  libinit2.o(.ARM.Collect$$libinit$$00000015)
    __rt_lib_init_lc_numeric_1               0x080001b1   Thumb Code     0  libinit2.o(.ARM.Collect$$libinit$$00000017)
    __rt_lib_init_lc_time_1                  0x080001b1   Thumb Code     0  libinit2.o(.ARM.Collect$$libinit$$00000019)
    __rt_lib_init_preinit_1                  0x080001b1   Thumb Code     0  libinit2.o(.ARM.Collect$$libinit$$00000004)
    __rt_lib_init_rand_1                     0x080001b1   Thumb Code     0  libinit2.o(.ARM.Collect$$libinit$$0000000E)
    __rt_lib_init_return                     0x080001b1   Thumb Code     0  libinit2.o(.ARM.Collect$$libinit$$00000033)
    __rt_lib_init_signal_1                   0x080001b1   Thumb Code     0  libinit2.o(.ARM.Collect$$libinit$$0000001D)
    __rt_lib_init_stdio_1                    0x080001b1   Thumb Code     0  libinit2.o(.ARM.Collect$$libinit$$00000025)
    __rt_lib_init_user_alloc_1               0x080001b1   Thumb Code     0  libinit2.o(.ARM.Collect$$libinit$$0000000C)
    __rt_lib_shutdown                        0x080001b3   Thumb Code     0  libshutdown.o(.ARM.Collect$$libshutdown$$00000000)
    __rt_lib_shutdown_cpp_1                  0x080001b5   Thumb Code     0  libshutdown2.o(.ARM.Collect$$libshutdown$$00000002)
    __rt_lib_shutdown_fp_trap_1              0x080001b5   Thumb Code     0  libshutdown2.o(.ARM.Collect$$libshutdown$$00000007)
    __rt_lib_shutdown_heap_1                 0x080001b5   Thumb Code     0  libshutdown2.o(.ARM.Collect$$libshutdown$$0000000F)
    __rt_lib_shutdown_return                 0x080001b5   Thumb Code     0  libshutdown2.o(.ARM.Collect$$libshutdown$$00000010)
    __rt_lib_shutdown_signal_1               0x080001b5   Thumb Code     0  libshutdown2.o(.ARM.Collect$$libshutdown$$0000000A)
    __rt_lib_shutdown_stdio_1                0x080001b5   Thumb Code     0  libshutdown2.o(.ARM.Collect$$libshutdown$$00000004)
    __rt_lib_shutdown_user_alloc_1           0x080001b5   Thumb Code     0  libshutdown2.o(.ARM.Collect$$libshutdown$$0000000C)
    __rt_entry                               0x080001b7   Thumb Code     0  __rtentry.o(.ARM.Collect$$rtentry$$00000000)
    __rt_entry_presh_1                       0x080001b7   Thumb Code     0  __rtentry2.o(.ARM.Collect$$rtentry$$00000002)
    __rt_entry_sh                            0x080001b7   Thumb Code     0  __rtentry4.o(.ARM.Collect$$rtentry$$00000004)
    __rt_entry_li                            0x080001bd   Thumb Code     0  __rtentry2.o(.ARM.Collect$$rtentry$$0000000A)
    __rt_entry_postsh_1                      0x080001bd   Thumb Code     0  __rtentry2.o(.ARM.Collect$$rtentry$$00000009)
    __rt_entry_main                          0x080001c1   Thumb Code     0  __rtentry2.o(.ARM.Collect$$rtentry$$0000000D)
    __rt_entry_postli_1                      0x080001c1   Thumb Code     0  __rtentry2.o(.ARM.Collect$$rtentry$$0000000C)
    __rt_exit                                0x080001c9   Thumb Code     0  rtexit.o(.ARM.Collect$$rtexit$$00000000)
    __rt_exit_ls                             0x080001cb   Thumb Code     0  rtexit2.o(.ARM.Collect$$rtexit$$00000003)
    __rt_exit_prels_1                        0x080001cb   Thumb Code     0  rtexit2.o(.ARM.Collect$$rtexit$$00000002)
    __rt_exit_exit                           0x080001cf   Thumb Code     0  rtexit2.o(.ARM.Collect$$rtexit$$00000004)
    Reset_Handler                            0x080001d5   Thumb Code     8  startup_stm32f10x_hd.o(.text)
    ADC1_2_IRQHandler                        0x080001ef   Thumb Code     0  startup_stm32f10x_hd.o(.text)
    ADC3_IRQHandler                          0x080001ef   Thumb Code     0  startup_stm32f10x_hd.o(.text)
    CAN1_RX1_IRQHandler                      0x080001ef   Thumb Code     0  startup_stm32f10x_hd.o(.text)
    CAN1_SCE_IRQHandler                      0x080001ef   Thumb Code     0  startup_stm32f10x_hd.o(.text)
    DMA1_Channel1_IRQHandler                 0x080001ef   Thumb Code     0  startup_stm32f10x_hd.o(.text)
    DMA1_Channel2_IRQHandler                 0x080001ef   Thumb Code     0  startup_stm32f10x_hd.o(.text)
    DMA1_Channel3_IRQHandler                 0x080001ef   Thumb Code     0  startup_stm32f10x_hd.o(.text)
    DMA1_Channel4_IRQHandler                 0x080001ef   Thumb Code     0  startup_stm32f10x_hd.o(.text)
    DMA1_Channel5_IRQHandler                 0x080001ef   Thumb Code     0  startup_stm32f10x_hd.o(.text)
    DMA1_Channel6_IRQHandler                 0x080001ef   Thumb Code     0  startup_stm32f10x_hd.o(.text)
    DMA1_Channel7_IRQHandler                 0x080001ef   Thumb Code     0  startup_stm32f10x_hd.o(.text)
    DMA2_Channel1_IRQHandler                 0x080001ef   Thumb Code     0  startup_stm32f10x_hd.o(.text)
    DMA2_Channel2_IRQHandler                 0x080001ef   Thumb Code     0  startup_stm32f10x_hd.o(.text)
    DMA2_Channel3_IRQHandler                 0x080001ef   Thumb Code     0  startup_stm32f10x_hd.o(.text)
    DMA2_Channel4_5_IRQHandler               0x080001ef   Thumb Code     0  startup_stm32f10x_hd.o(.text)
    EXTI0_IRQHandler                         0x080001ef   Thumb Code     0  startup_stm32f10x_hd.o(.text)
    EXTI15_10_IRQHandler                     0x080001ef   Thumb Code     0  startup_stm32f10x_hd.o(.text)
    EXTI1_IRQHandler                         0x080001ef   Thumb Code     0  startup_stm32f10x_hd.o(.text)
    EXTI3_IRQHandler                         0x080001ef   Thumb Code     0  startup_stm32f10x_hd.o(.text)
    EXTI4_IRQHandler                         0x080001ef   Thumb Code     0  startup_stm32f10x_hd.o(.text)
    EXTI9_5_IRQHandler                       0x080001ef   Thumb Code     0  startup_stm32f10x_hd.o(.text)
    FLASH_IRQHandler                         0x080001ef   Thumb Code     0  startup_stm32f10x_hd.o(.text)
    FSMC_IRQHandler                          0x080001ef   Thumb Code     0  startup_stm32f10x_hd.o(.text)
    I2C1_ER_IRQHandler                       0x080001ef   Thumb Code     0  startup_stm32f10x_hd.o(.text)
    I2C1_EV_IRQHandler                       0x080001ef   Thumb Code     0  startup_stm32f10x_hd.o(.text)
    I2C2_ER_IRQHandler                       0x080001ef   Thumb Code     0  startup_stm32f10x_hd.o(.text)
    I2C2_EV_IRQHandler                       0x080001ef   Thumb Code     0  startup_stm32f10x_hd.o(.text)
    PVD_IRQHandler                           0x080001ef   Thumb Code     0  startup_stm32f10x_hd.o(.text)
    RCC_IRQHandler                           0x080001ef   Thumb Code     0  startup_stm32f10x_hd.o(.text)
    RTCAlarm_IRQHandler                      0x080001ef   Thumb Code     0  startup_stm32f10x_hd.o(.text)
    RTC_IRQHandler                           0x080001ef   Thumb Code     0  startup_stm32f10x_hd.o(.text)
    SDIO_IRQHandler                          0x080001ef   Thumb Code     0  startup_stm32f10x_hd.o(.text)
    SPI1_IRQHandler                          0x080001ef   Thumb Code     0  startup_stm32f10x_hd.o(.text)
    SPI2_IRQHandler                          0x080001ef   Thumb Code     0  startup_stm32f10x_hd.o(.text)
    SPI3_IRQHandler                          0x080001ef   Thumb Code     0  startup_stm32f10x_hd.o(.text)
    TAMPER_IRQHandler                        0x080001ef   Thumb Code     0  startup_stm32f10x_hd.o(.text)
    TIM1_BRK_IRQHandler                      0x080001ef   Thumb Code     0  startup_stm32f10x_hd.o(.text)
    TIM1_CC_IRQHandler                       0x080001ef   Thumb Code     0  startup_stm32f10x_hd.o(.text)
    TIM1_TRG_COM_IRQHandler                  0x080001ef   Thumb Code     0  startup_stm32f10x_hd.o(.text)
    TIM1_UP_IRQHandler                       0x080001ef   Thumb Code     0  startup_stm32f10x_hd.o(.text)
    TIM2_IRQHandler                          0x080001ef   Thumb Code     0  startup_stm32f10x_hd.o(.text)
    TIM3_IRQHandler                          0x080001ef   Thumb Code     0  startup_stm32f10x_hd.o(.text)
    TIM5_IRQHandler                          0x080001ef   Thumb Code     0  startup_stm32f10x_hd.o(.text)
    TIM6_IRQHandler                          0x080001ef   Thumb Code     0  startup_stm32f10x_hd.o(.text)
    TIM7_IRQHandler                          0x080001ef   Thumb Code     0  startup_stm32f10x_hd.o(.text)
    TIM8_BRK_IRQHandler                      0x080001ef   Thumb Code     0  startup_stm32f10x_hd.o(.text)
    TIM8_CC_IRQHandler                       0x080001ef   Thumb Code     0  startup_stm32f10x_hd.o(.text)
    TIM8_TRG_COM_IRQHandler                  0x080001ef   Thumb Code     0  startup_stm32f10x_hd.o(.text)
    TIM8_UP_IRQHandler                       0x080001ef   Thumb Code     0  startup_stm32f10x_hd.o(.text)
    UART4_IRQHandler                         0x080001ef   Thumb Code     0  startup_stm32f10x_hd.o(.text)
    UART5_IRQHandler                         0x080001ef   Thumb Code     0  startup_stm32f10x_hd.o(.text)
    USART3_IRQHandler                        0x080001ef   Thumb Code     0  startup_stm32f10x_hd.o(.text)
    USBWakeUp_IRQHandler                     0x080001ef   Thumb Code     0  startup_stm32f10x_hd.o(.text)
    USB_HP_CAN1_TX_IRQHandler                0x080001ef   Thumb Code     0  startup_stm32f10x_hd.o(.text)
    USB_LP_CAN1_RX0_IRQHandler               0x080001ef   Thumb Code     0  startup_stm32f10x_hd.o(.text)
    WWDG_IRQHandler                          0x080001ef   Thumb Code     0  startup_stm32f10x_hd.o(.text)
    __user_initial_stackheap                 0x080001f1   Thumb Code     0  startup_stm32f10x_hd.o(.text)
    __use_no_semihosting                     0x08000215   Thumb Code     2  use_no_semi_2.o(.text)
    __2printf                                0x08000219   Thumb Code    20  noretval__2printf.o(.text)
    _printf_int_dec                          0x08000231   Thumb Code   104  _printf_dec.o(.text)
    __printf                                 0x080002a9   Thumb Code   184  __printf_ss.o(.text)
    __use_two_region_memory                  0x08000361   Thumb Code     2  heapauxi.o(.text)
    __rt_heap_escrow$2region                 0x08000363   Thumb Code     2  heapauxi.o(.text)
    __rt_heap_expand$2region                 0x08000365   Thumb Code     2  heapauxi.o(.text)
    __I$use$semihosting                      0x08000367   Thumb Code     0  use_no_semi.o(.text)
    __use_no_semihosting_swi                 0x08000367   Thumb Code     2  use_no_semi.o(.text)
    _printf_int_common                       0x08000369   Thumb Code   178  _printf_intcommon.o(.text)
    _printf_char_file                        0x0800041d   Thumb Code    32  _printf_char_file.o(.text)
    _printf_char_common                      0x0800044b   Thumb Code    32  _printf_char_common.o(.text)
    ferror                                   0x08000471   Thumb Code     8  ferror.o(.text)
    __user_libspace                          0x08000479   Thumb Code     8  libspace.o(.text)
    __user_perproc_libspace                  0x08000479   Thumb Code     0  libspace.o(.text)
    __user_perthread_libspace                0x08000479   Thumb Code     0  libspace.o(.text)
    __user_setup_stackheap                   0x08000481   Thumb Code    74  sys_stackheap_outer.o(.text)
    exit                                     0x080004cb   Thumb Code    18  exit.o(.text)
    BusFault_Handler                         0x080004dd   Thumb Code     4  stm32f10x_it.o(i.BusFault_Handler)
    CAN_Decode                               0x080004e1   Thumb Code    38  can.o(i.CAN_Decode)
    CAN_FilterInit                           0x08000509   Thumb Code   258  stm32f10x_can.o(i.CAN_FilterInit)
    CAN_Init                                 0x08000611   Thumb Code   276  stm32f10x_can.o(i.CAN_Init)
    CAN_MessagePending                       0x08000725   Thumb Code    30  stm32f10x_can.o(i.CAN_MessagePending)
    CAN_Mode_Init                            0x08000745   Thumb Code   200  can.o(i.CAN_Mode_Init)
    CAN_Receive                              0x08000815   Thumb Code   240  stm32f10x_can.o(i.CAN_Receive)
    CAN_Transmit                             0x08000905   Thumb Code   294  stm32f10x_can.o(i.CAN_Transmit)
    CAN_TransmitStatus                       0x08000a2d   Thumb Code   138  stm32f10x_can.o(i.CAN_TransmitStatus)
    Can_Receive_Msg                          0x08000acd   Thumb Code    56  can.o(i.Can_Receive_Msg)
    Can_Send_Msg                             0x08000b09   Thumb Code   104  can.o(i.Can_Send_Msg)
    DebugMon_Handler                         0x08000b75   Thumb Code     2  stm32f10x_it.o(i.DebugMon_Handler)
    EXTI2_IRQHandler                         0x08000b77   Thumb Code    10  stm32f10x_it.o(i.EXTI2_IRQHandler)
    EXTI_ClearITPendingBit                   0x08000b81   Thumb Code     6  stm32f10x_exti.o(i.EXTI_ClearITPendingBit)
    Encoder_Init                             0x08000b8d   Thumb Code   130  motor.o(i.Encoder_Init)
    Encoder_Init_Stepper                     0x08000c19   Thumb Code   154  stepper.o(i.Encoder_Init_Stepper)
    GPIO_Init                                0x08000cc1   Thumb Code   278  stm32f10x_gpio.o(i.GPIO_Init)
    GPIO_ResetBits                           0x08000dd7   Thumb Code     4  stm32f10x_gpio.o(i.GPIO_ResetBits)
    GPIO_SetBits                             0x08000ddb   Thumb Code     4  stm32f10x_gpio.o(i.GPIO_SetBits)
    HardFault_Handler                        0x08000ddf   Thumb Code     4  stm32f10x_it.o(i.HardFault_Handler)
    MemManage_Handler                        0x08000de3   Thumb Code     4  stm32f10x_it.o(i.MemManage_Handler)
    Motorinit                                0x08000de9   Thumb Code   140  motor.o(i.Motorinit)
    NMI_Handler                              0x08000e7d   Thumb Code     2  stm32f10x_it.o(i.NMI_Handler)
    NVIC_Init                                0x08000e81   Thumb Code   100  misc.o(i.NVIC_Init)
    NVIC_PriorityGroupConfig                 0x08000ef1   Thumb Code    10  misc.o(i.NVIC_PriorityGroupConfig)
    PendSV_Handler                           0x08000f05   Thumb Code     2  stm32f10x_it.o(i.PendSV_Handler)
    RCC_APB1PeriphClockCmd                   0x08000f09   Thumb Code    26  stm32f10x_rcc.o(i.RCC_APB1PeriphClockCmd)
    RCC_APB2PeriphClockCmd                   0x08000f29   Thumb Code    26  stm32f10x_rcc.o(i.RCC_APB2PeriphClockCmd)
    RCC_GetClocksFreq                        0x08000f49   Thumb Code   192  stm32f10x_rcc.o(i.RCC_GetClocksFreq)
    SVC_Handler                              0x0800101d   Thumb Code     2  stm32f10x_it.o(i.SVC_Handler)
    Stepperinit                              0x08001109   Thumb Code    66  stepper.o(i.Stepperinit)
    SysTick_CLKSourceConfig                  0x08001151   Thumb Code    40  misc.o(i.SysTick_CLKSourceConfig)
    SysTick_Handler                          0x08001179   Thumb Code     2  stm32f10x_it.o(i.SysTick_Handler)
    SystemInit                               0x0800117d   Thumb Code    78  system_stm32f10x.o(i.SystemInit)
    TIM4_IRQHandler                          0x080011dd   Thumb Code   170  stm32f10x_it.o(i.TIM4_IRQHandler)
    TIM4_Int_Init                            0x080012b9   Thumb Code    90  my_lib.o(i.TIM4_Int_Init)
    TIM_ClearITPendingBit                    0x08001319   Thumb Code     6  stm32f10x_tim.o(i.TIM_ClearITPendingBit)
    TIM_Cmd                                  0x0800131f   Thumb Code    24  stm32f10x_tim.o(i.TIM_Cmd)
    TIM_GetITStatus                          0x08001337   Thumb Code    34  stm32f10x_tim.o(i.TIM_GetITStatus)
    TIM_ITConfig                             0x08001359   Thumb Code    18  stm32f10x_tim.o(i.TIM_ITConfig)
    TIM_OC1Init                              0x0800136d   Thumb Code   132  stm32f10x_tim.o(i.TIM_OC1Init)
    TIM_OC2Init                              0x08001405   Thumb Code   154  stm32f10x_tim.o(i.TIM_OC2Init)
    TIM_SetCompare1                          0x080014a9   Thumb Code     4  stm32f10x_tim.o(i.TIM_SetCompare1)
    TIM_SetCompare2                          0x080014ad   Thumb Code     4  stm32f10x_tim.o(i.TIM_SetCompare2)
    TIM_TimeBaseInit                         0x080014b1   Thumb Code   122  stm32f10x_tim.o(i.TIM_TimeBaseInit)
    USART1_IRQHandler                        0x08001555   Thumb Code    14  stm32f10x_it.o(i.USART1_IRQHandler)
    USART2_IRQHandler                        0x08001569   Thumb Code    64  stm32f10x_it.o(i.USART2_IRQHandler)
    USART_Cmd                                0x080015b5   Thumb Code    24  stm32f10x_usart.o(i.USART_Cmd)
    USART_GetITStatus                        0x080015cd   Thumb Code    84  stm32f10x_usart.o(i.USART_GetITStatus)
    USART_ITConfig                           0x08001621   Thumb Code    74  stm32f10x_usart.o(i.USART_ITConfig)
    USART_Init                               0x0800166d   Thumb Code   210  stm32f10x_usart.o(i.USART_Init)
    USART_ReceiveData                        0x08001745   Thumb Code    10  stm32f10x_usart.o(i.USART_ReceiveData)
    UsageFault_Handler                       0x0800174f   Thumb Code     4  stm32f10x_it.o(i.UsageFault_Handler)
    _sys_exit                                0x08001753   Thumb Code     4  usart.o(i._sys_exit)
    delay_init                               0x08001759   Thumb Code    50  delay.o(i.delay_init)
    delay_ms                                 0x0800179d   Thumb Code    72  delay.o(i.delay_ms)
    fputc                                    0x080017e9   Thumb Code    24  usart.o(i.fputc)
    main                                     0x08001805   Thumb Code   234  main.o(i.main)
    setangle_open                            0x08001935   Thumb Code    84  stepper.o(i.setangle_open)
    uart_init                                0x0800198d   Thumb Code   152  usart.o(i.uart_init)
    __aeabi_dadd                             0x08001a2d   Thumb Code     0  daddsub_clz.o(x$fpl$dadd)
    _dadd                                    0x08001a2d   Thumb Code   332  daddsub_clz.o(x$fpl$dadd)
    __aeabi_ddiv                             0x08001b7d   Thumb Code     0  ddiv.o(x$fpl$ddiv)
    _ddiv                                    0x08001b7d   Thumb Code   552  ddiv.o(x$fpl$ddiv)
    __aeabi_d2iz                             0x08001e2d   Thumb Code     0  dfix.o(x$fpl$dfix)
    _dfix                                    0x08001e2d   Thumb Code    94  dfix.o(x$fpl$dfix)
    __aeabi_i2d                              0x08001e8b   Thumb Code     0  dflt_clz.o(x$fpl$dflt)
    _dflt                                    0x08001e8b   Thumb Code    46  dflt_clz.o(x$fpl$dflt)
    __aeabi_dmul                             0x08001eb9   Thumb Code     0  dmul.o(x$fpl$dmul)
    _dmul                                    0x08001eb9   Thumb Code   332  dmul.o(x$fpl$dmul)
    __fpl_dnaninf                            0x0800200d   Thumb Code   156  dnaninf.o(x$fpl$dnaninf)
    __fpl_dretinf                            0x080020a9   Thumb Code    12  dretinf.o(x$fpl$dretinf)
    __aeabi_dsub                             0x080020b5   Thumb Code     0  daddsub_clz.o(x$fpl$dsub)
    _dsub                                    0x080020b5   Thumb Code   464  daddsub_clz.o(x$fpl$dsub)
    __aeabi_fdiv                             0x08002289   Thumb Code     0  fdiv.o(x$fpl$fdiv)
    _fdiv                                    0x08002289   Thumb Code   384  fdiv.o(x$fpl$fdiv)
    __aeabi_f2iz                             0x0800240d   Thumb Code     0  ffix.o(x$fpl$ffix)
    _ffix                                    0x0800240d   Thumb Code    54  ffix.o(x$fpl$ffix)
    __aeabi_i2f                              0x08002445   Thumb Code     0  fflt_clz.o(x$fpl$fflt)
    _fflt                                    0x08002445   Thumb Code    48  fflt_clz.o(x$fpl$fflt)
    __aeabi_fmul                             0x08002475   Thumb Code     0  fmul.o(x$fpl$fmul)
    _fmul                                    0x08002475   Thumb Code   258  fmul.o(x$fpl$fmul)
    __fpl_fnaninf                            0x08002577   Thumb Code   140  fnaninf.o(x$fpl$fnaninf)
    __fpl_fretinf                            0x08002603   Thumb Code    10  fretinf.o(x$fpl$fretinf)
    Region$$Table$$Base                      0x0800260c   Number         0  anon$$obj.o(Region$$Table)
    __I$use$fp                               0x0800260c   Number         0  usenofp.o(x$fpl$usenofp)
    Region$$Table$$Limit                     0x0800262c   Number         0  anon$$obj.o(Region$$Table)
    pos                                      0x20000000   Data           8  main.o(.data)
    pos_tar                                  0x20000008   Data           8  main.o(.data)
    rotate_time                              0x20000010   Data           4  main.o(.data)
    last_deg                                 0x20000014   Data           4  main.o(.data)
    deg                                      0x20000018   Data           4  main.o(.data)
    tar_degree                               0x2000001c   Data           4  main.o(.data)
    CAN_Res                                  0x20000020   Data           8  main.o(.data)
    CAN_Buff                                 0x20000028   Data           8  main.o(.data)
    CAN_info                                 0x20000030   Data           8  main.o(.data)
    speed                                    0x20000038   Data           4  main.o(.data)
    tar_speed                                0x2000003c   Data           4  main.o(.data)
    output                                   0x20000040   Data           4  main.o(.data)
    cnt                                      0x20000048   Data           4  stm32f10x_it.o(.data)
    delta_cnt                                0x2000004c   Data           4  stm32f10x_it.o(.data)
    res_begin                                0x20000050   Data           1  stm32f10x_it.o(.data)
    k                                        0x20000054   Data           4  stm32f10x_it.o(.data)
    i                                        0x20000058   Data           4  stm32f10x_it.o(.data)
    pos_err                                  0x20000060   Data           8  stm32f10x_it.o(.data)
    SystemCoreClock                          0x20000068   Data           4  system_stm32f10x.o(.data)
    AHBPrescTable                            0x2000006c   Data          16  system_stm32f10x.o(.data)
    __stdout                                 0x20000094   Data           4  usart.o(.data)
    USART_RX_STA                             0x20000098   Data           2  usart.o(.data)
    Encoder_res                              0x2000009c   Data           9  main.o(.bss)
    __libspace_start                         0x200000a8   Data          96  libspace.o(.bss)
    __temporary_stack_top$libspace           0x20000108   Data           0  libspace.o(.bss)



==============================================================================

Memory Map of the image

  Image Entry point : 0x08000131

  Load Region LR_IROM1 (Base: 0x08000000, Size: 0x000026c8, Max: 0x00040000, ABSOLUTE)

    Execution Region ER_IROM1 (Exec base: 0x08000000, Load base: 0x08000000, Size: 0x0000262c, Max: 0x00040000, ABSOLUTE)

    Exec Addr    Load Addr    Size         Type   Attr      Idx    E Section Name        Object

    0x08000000   0x08000000   0x00000130   Data   RO          304    RESET               startup_stm32f10x_hd.o
    0x08000130   0x08000130   0x00000008   Code   RO         3610  * !!!main             c_w.l(__main.o)
    0x08000138   0x08000138   0x00000034   Code   RO         3890    !!!scatter          c_w.l(__scatter.o)
    0x0800016c   0x0800016c   0x0000001a   Code   RO         3892    !!handler_copy      c_w.l(__scatter_copy.o)
    0x08000186   0x08000186   0x00000002   PAD
    0x08000188   0x08000188   0x0000001c   Code   RO         3894    !!handler_zi        c_w.l(__scatter_zi.o)
    0x080001a4   0x080001a4   0x00000000   Code   RO         3607    .ARM.Collect$$_printf_percent$$00000000  c_w.l(_printf_percent.o)
    0x080001a4   0x080001a4   0x00000006   Code   RO         3605    .ARM.Collect$$_printf_percent$$00000009  c_w.l(_printf_d.o)
    0x080001aa   0x080001aa   0x00000004   Code   RO         3675    .ARM.Collect$$_printf_percent$$00000017  c_w.l(_printf_percent_end.o)
    0x080001ae   0x080001ae   0x00000002   Code   RO         3767    .ARM.Collect$$libinit$$00000000  c_w.l(libinit.o)
    0x080001b0   0x080001b0   0x00000000   Code   RO         3769    .ARM.Collect$$libinit$$00000002  c_w.l(libinit2.o)
    0x080001b0   0x080001b0   0x00000000   Code   RO         3771    .ARM.Collect$$libinit$$00000004  c_w.l(libinit2.o)
    0x080001b0   0x080001b0   0x00000000   Code   RO         3774    .ARM.Collect$$libinit$$0000000A  c_w.l(libinit2.o)
    0x080001b0   0x080001b0   0x00000000   Code   RO         3776    .ARM.Collect$$libinit$$0000000C  c_w.l(libinit2.o)
    0x080001b0   0x080001b0   0x00000000   Code   RO         3778    .ARM.Collect$$libinit$$0000000E  c_w.l(libinit2.o)
    0x080001b0   0x080001b0   0x00000000   Code   RO         3781    .ARM.Collect$$libinit$$00000011  c_w.l(libinit2.o)
    0x080001b0   0x080001b0   0x00000000   Code   RO         3783    .ARM.Collect$$libinit$$00000013  c_w.l(libinit2.o)
    0x080001b0   0x080001b0   0x00000000   Code   RO         3785    .ARM.Collect$$libinit$$00000015  c_w.l(libinit2.o)
    0x080001b0   0x080001b0   0x00000000   Code   RO         3787    .ARM.Collect$$libinit$$00000017  c_w.l(libinit2.o)
    0x080001b0   0x080001b0   0x00000000   Code   RO         3789    .ARM.Collect$$libinit$$00000019  c_w.l(libinit2.o)
    0x080001b0   0x080001b0   0x00000000   Code   RO         3791    .ARM.Collect$$libinit$$0000001B  c_w.l(libinit2.o)
    0x080001b0   0x080001b0   0x00000000   Code   RO         3793    .ARM.Collect$$libinit$$0000001D  c_w.l(libinit2.o)
    0x080001b0   0x080001b0   0x00000000   Code   RO         3795    .ARM.Collect$$libinit$$0000001F  c_w.l(libinit2.o)
    0x080001b0   0x080001b0   0x00000000   Code   RO         3797    .ARM.Collect$$libinit$$00000021  c_w.l(libinit2.o)
    0x080001b0   0x080001b0   0x00000000   Code   RO         3799    .ARM.Collect$$libinit$$00000023  c_w.l(libinit2.o)
    0x080001b0   0x080001b0   0x00000000   Code   RO         3801    .ARM.Collect$$libinit$$00000025  c_w.l(libinit2.o)
    0x080001b0   0x080001b0   0x00000000   Code   RO         3805    .ARM.Collect$$libinit$$0000002C  c_w.l(libinit2.o)
    0x080001b0   0x080001b0   0x00000000   Code   RO         3807    .ARM.Collect$$libinit$$0000002E  c_w.l(libinit2.o)
    0x080001b0   0x080001b0   0x00000000   Code   RO         3809    .ARM.Collect$$libinit$$00000030  c_w.l(libinit2.o)
    0x080001b0   0x080001b0   0x00000000   Code   RO         3811    .ARM.Collect$$libinit$$00000032  c_w.l(libinit2.o)
    0x080001b0   0x080001b0   0x00000002   Code   RO         3812    .ARM.Collect$$libinit$$00000033  c_w.l(libinit2.o)
    0x080001b2   0x080001b2   0x00000002   Code   RO         3840    .ARM.Collect$$libshutdown$$00000000  c_w.l(libshutdown.o)
    0x080001b4   0x080001b4   0x00000000   Code   RO         3849    .ARM.Collect$$libshutdown$$00000002  c_w.l(libshutdown2.o)
    0x080001b4   0x080001b4   0x00000000   Code   RO         3851    .ARM.Collect$$libshutdown$$00000004  c_w.l(libshutdown2.o)
    0x080001b4   0x080001b4   0x00000000   Code   RO         3854    .ARM.Collect$$libshutdown$$00000007  c_w.l(libshutdown2.o)
    0x080001b4   0x080001b4   0x00000000   Code   RO         3857    .ARM.Collect$$libshutdown$$0000000A  c_w.l(libshutdown2.o)
    0x080001b4   0x080001b4   0x00000000   Code   RO         3859    .ARM.Collect$$libshutdown$$0000000C  c_w.l(libshutdown2.o)
    0x080001b4   0x080001b4   0x00000000   Code   RO         3862    .ARM.Collect$$libshutdown$$0000000F  c_w.l(libshutdown2.o)
    0x080001b4   0x080001b4   0x00000002   Code   RO         3863    .ARM.Collect$$libshutdown$$00000010  c_w.l(libshutdown2.o)
    0x080001b6   0x080001b6   0x00000000   Code   RO         3668    .ARM.Collect$$rtentry$$00000000  c_w.l(__rtentry.o)
    0x080001b6   0x080001b6   0x00000000   Code   RO         3690    .ARM.Collect$$rtentry$$00000002  c_w.l(__rtentry2.o)
    0x080001b6   0x080001b6   0x00000006   Code   RO         3702    .ARM.Collect$$rtentry$$00000004  c_w.l(__rtentry4.o)
    0x080001bc   0x080001bc   0x00000000   Code   RO         3692    .ARM.Collect$$rtentry$$00000009  c_w.l(__rtentry2.o)
    0x080001bc   0x080001bc   0x00000004   Code   RO         3693    .ARM.Collect$$rtentry$$0000000A  c_w.l(__rtentry2.o)
    0x080001c0   0x080001c0   0x00000000   Code   RO         3695    .ARM.Collect$$rtentry$$0000000C  c_w.l(__rtentry2.o)
    0x080001c0   0x080001c0   0x00000008   Code   RO         3696    .ARM.Collect$$rtentry$$0000000D  c_w.l(__rtentry2.o)
    0x080001c8   0x080001c8   0x00000002   Code   RO         3813    .ARM.Collect$$rtexit$$00000000  c_w.l(rtexit.o)
    0x080001ca   0x080001ca   0x00000000   Code   RO         3820    .ARM.Collect$$rtexit$$00000002  c_w.l(rtexit2.o)
    0x080001ca   0x080001ca   0x00000004   Code   RO         3821    .ARM.Collect$$rtexit$$00000003  c_w.l(rtexit2.o)
    0x080001ce   0x080001ce   0x00000006   Code   RO         3822    .ARM.Collect$$rtexit$$00000004  c_w.l(rtexit2.o)
    0x080001d4   0x080001d4   0x00000040   Code   RO          305    .text               startup_stm32f10x_hd.o
    0x08000214   0x08000214   0x00000002   Code   RO         3575    .text               c_w.l(use_no_semi_2.o)
    0x08000216   0x08000216   0x00000002   PAD
    0x08000218   0x08000218   0x00000018   Code   RO         3579    .text               c_w.l(noretval__2printf.o)
    0x08000230   0x08000230   0x00000078   Code   RO         3583    .text               c_w.l(_printf_dec.o)
    0x080002a8   0x080002a8   0x000000b8   Code   RO         3588    .text               c_w.l(__printf_ss.o)
    0x08000360   0x08000360   0x00000006   Code   RO         3608    .text               c_w.l(heapauxi.o)
    0x08000366   0x08000366   0x00000002   Code   RO         3666    .text               c_w.l(use_no_semi.o)
    0x08000368   0x08000368   0x000000b2   Code   RO         3669    .text               c_w.l(_printf_intcommon.o)
    0x0800041a   0x0800041a   0x00000002   PAD
    0x0800041c   0x0800041c   0x00000024   Code   RO         3673    .text               c_w.l(_printf_char_file.o)
    0x08000440   0x08000440   0x00000030   Code   RO         3711    .text               c_w.l(_printf_char_common.o)
    0x08000470   0x08000470   0x00000008   Code   RO         3740    .text               c_w.l(ferror.o)
    0x08000478   0x08000478   0x00000008   Code   RO         3751    .text               c_w.l(libspace.o)
    0x08000480   0x08000480   0x0000004a   Code   RO         3754    .text               c_w.l(sys_stackheap_outer.o)
    0x080004ca   0x080004ca   0x00000012   Code   RO         3758    .text               c_w.l(exit.o)
    0x080004dc   0x080004dc   0x00000004   Code   RO          368    i.BusFault_Handler  stm32f10x_it.o
    0x080004e0   0x080004e0   0x00000026   Code   RO          109    i.CAN_Decode        can.o
    0x08000506   0x08000506   0x00000002   PAD
    0x08000508   0x08000508   0x00000108   Code   RO         2774    i.CAN_FilterInit    stm32f10x_can.o
    0x08000610   0x08000610   0x00000114   Code   RO         2781    i.CAN_Init          stm32f10x_can.o
    0x08000724   0x08000724   0x0000001e   Code   RO         2782    i.CAN_MessagePending  stm32f10x_can.o
    0x08000742   0x08000742   0x00000002   PAD
    0x08000744   0x08000744   0x000000d0   Code   RO          110    i.CAN_Mode_Init     can.o
    0x08000814   0x08000814   0x000000f0   Code   RO         2784    i.CAN_Receive       stm32f10x_can.o
    0x08000904   0x08000904   0x00000126   Code   RO         2789    i.CAN_Transmit      stm32f10x_can.o
    0x08000a2a   0x08000a2a   0x00000002   PAD
    0x08000a2c   0x08000a2c   0x000000a0   Code   RO         2790    i.CAN_TransmitStatus  stm32f10x_can.o
    0x08000acc   0x08000acc   0x0000003c   Code   RO          111    i.Can_Receive_Msg   can.o
    0x08000b08   0x08000b08   0x0000006c   Code   RO          112    i.Can_Send_Msg      can.o
    0x08000b74   0x08000b74   0x00000002   Code   RO          369    i.DebugMon_Handler  stm32f10x_it.o
    0x08000b76   0x08000b76   0x0000000a   Code   RO          370    i.EXTI2_IRQHandler  stm32f10x_it.o
    0x08000b80   0x08000b80   0x0000000c   Code   RO         2613    i.EXTI_ClearITPendingBit  stm32f10x_exti.o
    0x08000b8c   0x08000b8c   0x0000008c   Code   RO          188    i.Encoder_Init      motor.o
    0x08000c18   0x08000c18   0x000000a8   Code   RO          145    i.Encoder_Init_Stepper  stepper.o
    0x08000cc0   0x08000cc0   0x00000116   Code   RO          796    i.GPIO_Init         stm32f10x_gpio.o
    0x08000dd6   0x08000dd6   0x00000004   Code   RO          803    i.GPIO_ResetBits    stm32f10x_gpio.o
    0x08000dda   0x08000dda   0x00000004   Code   RO          804    i.GPIO_SetBits      stm32f10x_gpio.o
    0x08000dde   0x08000dde   0x00000004   Code   RO          371    i.HardFault_Handler  stm32f10x_it.o
    0x08000de2   0x08000de2   0x00000004   Code   RO          372    i.MemManage_Handler  stm32f10x_it.o
    0x08000de6   0x08000de6   0x00000002   PAD
    0x08000de8   0x08000de8   0x00000094   Code   RO          189    i.Motorinit         motor.o
    0x08000e7c   0x08000e7c   0x00000002   Code   RO          373    i.NMI_Handler       stm32f10x_it.o
    0x08000e7e   0x08000e7e   0x00000002   PAD
    0x08000e80   0x08000e80   0x00000070   Code   RO         2732    i.NVIC_Init         misc.o
    0x08000ef0   0x08000ef0   0x00000014   Code   RO         2733    i.NVIC_PriorityGroupConfig  misc.o
    0x08000f04   0x08000f04   0x00000002   Code   RO          374    i.PendSV_Handler    stm32f10x_it.o
    0x08000f06   0x08000f06   0x00000002   PAD
    0x08000f08   0x08000f08   0x00000020   Code   RO         1212    i.RCC_APB1PeriphClockCmd  stm32f10x_rcc.o
    0x08000f28   0x08000f28   0x00000020   Code   RO         1214    i.RCC_APB2PeriphClockCmd  stm32f10x_rcc.o
    0x08000f48   0x08000f48   0x000000d4   Code   RO         1222    i.RCC_GetClocksFreq  stm32f10x_rcc.o
    0x0800101c   0x0800101c   0x00000002   Code   RO          375    i.SVC_Handler       stm32f10x_it.o
    0x0800101e   0x0800101e   0x00000008   Code   RO          462    i.SetSysClock       system_stm32f10x.o
    0x08001026   0x08001026   0x00000002   PAD
    0x08001028   0x08001028   0x000000e0   Code   RO          463    i.SetSysClockTo72   system_stm32f10x.o
    0x08001108   0x08001108   0x00000048   Code   RO          146    i.Stepperinit       stepper.o
    0x08001150   0x08001150   0x00000028   Code   RO         2736    i.SysTick_CLKSourceConfig  misc.o
    0x08001178   0x08001178   0x00000002   Code   RO          376    i.SysTick_Handler   stm32f10x_it.o
    0x0800117a   0x0800117a   0x00000002   PAD
    0x0800117c   0x0800117c   0x00000060   Code   RO          465    i.SystemInit        system_stm32f10x.o
    0x080011dc   0x080011dc   0x000000dc   Code   RO          377    i.TIM4_IRQHandler   stm32f10x_it.o
    0x080012b8   0x080012b8   0x00000060   Code   RO          253    i.TIM4_Int_Init     my_lib.o
    0x08001318   0x08001318   0x00000006   Code   RO         1841    i.TIM_ClearITPendingBit  stm32f10x_tim.o
    0x0800131e   0x0800131e   0x00000018   Code   RO         1846    i.TIM_Cmd           stm32f10x_tim.o
    0x08001336   0x08001336   0x00000022   Code   RO         1867    i.TIM_GetITStatus   stm32f10x_tim.o
    0x08001358   0x08001358   0x00000012   Code   RO         1871    i.TIM_ITConfig      stm32f10x_tim.o
    0x0800136a   0x0800136a   0x00000002   PAD
    0x0800136c   0x0800136c   0x00000098   Code   RO         1875    i.TIM_OC1Init       stm32f10x_tim.o
    0x08001404   0x08001404   0x000000a4   Code   RO         1880    i.TIM_OC2Init       stm32f10x_tim.o
    0x080014a8   0x080014a8   0x00000004   Code   RO         1907    i.TIM_SetCompare1   stm32f10x_tim.o
    0x080014ac   0x080014ac   0x00000004   Code   RO         1908    i.TIM_SetCompare2   stm32f10x_tim.o
    0x080014b0   0x080014b0   0x000000a4   Code   RO         1917    i.TIM_TimeBaseInit  stm32f10x_tim.o
    0x08001554   0x08001554   0x00000014   Code   RO          378    i.USART1_IRQHandler  stm32f10x_it.o
    0x08001568   0x08001568   0x0000004c   Code   RO          379    i.USART2_IRQHandler  stm32f10x_it.o
    0x080015b4   0x080015b4   0x00000018   Code   RO         2382    i.USART_Cmd         stm32f10x_usart.o
    0x080015cc   0x080015cc   0x00000054   Code   RO         2386    i.USART_GetITStatus  stm32f10x_usart.o
    0x08001620   0x08001620   0x0000004a   Code   RO         2388    i.USART_ITConfig    stm32f10x_usart.o
    0x0800166a   0x0800166a   0x00000002   PAD
    0x0800166c   0x0800166c   0x000000d8   Code   RO         2389    i.USART_Init        stm32f10x_usart.o
    0x08001744   0x08001744   0x0000000a   Code   RO         2396    i.USART_ReceiveData  stm32f10x_usart.o
    0x0800174e   0x0800174e   0x00000004   Code   RO          380    i.UsageFault_Handler  stm32f10x_it.o
    0x08001752   0x08001752   0x00000004   Code   RO         3523    i._sys_exit         usart.o
    0x08001756   0x08001756   0x00000002   PAD
    0x08001758   0x08001758   0x00000044   Code   RO         3463    i.delay_init        delay.o
    0x0800179c   0x0800179c   0x0000004c   Code   RO         3464    i.delay_ms          delay.o
    0x080017e8   0x080017e8   0x0000001c   Code   RO         3524    i.fputc             usart.o
    0x08001804   0x08001804   0x00000130   Code   RO          309    i.main              main.o
    0x08001934   0x08001934   0x00000058   Code   RO          148    i.setangle_open     stepper.o
    0x0800198c   0x0800198c   0x000000a0   Code   RO         3525    i.uart_init         usart.o
    0x08001a2c   0x08001a2c   0x00000150   Code   RO         3612    x$fpl$dadd          fz_ws.l(daddsub_clz.o)
    0x08001b7c   0x08001b7c   0x000002b0   Code   RO         3619    x$fpl$ddiv          fz_ws.l(ddiv.o)
    0x08001e2c   0x08001e2c   0x0000005e   Code   RO         3622    x$fpl$dfix          fz_ws.l(dfix.o)
    0x08001e8a   0x08001e8a   0x0000002e   Code   RO         3627    x$fpl$dflt          fz_ws.l(dflt_clz.o)
    0x08001eb8   0x08001eb8   0x00000154   Code   RO         3634    x$fpl$dmul          fz_ws.l(dmul.o)
    0x0800200c   0x0800200c   0x0000009c   Code   RO         3678    x$fpl$dnaninf       fz_ws.l(dnaninf.o)
    0x080020a8   0x080020a8   0x0000000c   Code   RO         3680    x$fpl$dretinf       fz_ws.l(dretinf.o)
    0x080020b4   0x080020b4   0x000001d4   Code   RO         3614    x$fpl$dsub          fz_ws.l(daddsub_clz.o)
    0x08002288   0x08002288   0x00000184   Code   RO         3645    x$fpl$fdiv          fz_ws.l(fdiv.o)
    0x0800240c   0x0800240c   0x00000036   Code   RO         3648    x$fpl$ffix          fz_ws.l(ffix.o)
    0x08002442   0x08002442   0x00000002   PAD
    0x08002444   0x08002444   0x00000030   Code   RO         3653    x$fpl$fflt          fz_ws.l(fflt_clz.o)
    0x08002474   0x08002474   0x00000102   Code   RO         3660    x$fpl$fmul          fz_ws.l(fmul.o)
    0x08002576   0x08002576   0x0000008c   Code   RO         3684    x$fpl$fnaninf       fz_ws.l(fnaninf.o)
    0x08002602   0x08002602   0x0000000a   Code   RO         3686    x$fpl$fretinf       fz_ws.l(fretinf.o)
    0x0800260c   0x0800260c   0x00000000   Code   RO         3688    x$fpl$usenofp       fz_ws.l(usenofp.o)
    0x0800260c   0x0800260c   0x00000020   Data   RO         3888    Region$$Table       anon$$obj.o


    Execution Region RW_IRAM1 (Exec base: 0x20000000, Load base: 0x0800262c, Size: 0x00000708, Max: 0x0000c000, ABSOLUTE)

    Exec Addr    Load Addr    Size         Type   Attr      Idx    E Section Name        Object

    0x20000000   0x0800262c   0x00000044   Data   RW          311    .data               main.o
    0x20000044   0x08002670   0x00000004   PAD
    0x20000048   0x08002674   0x00000020   Data   RW          381    .data               stm32f10x_it.o
    0x20000068   0x08002694   0x00000014   Data   RW          466    .data               system_stm32f10x.o
    0x2000007c   0x080026a8   0x00000014   Data   RW         1242    .data               stm32f10x_rcc.o
    0x20000090   0x080026bc   0x00000004   Data   RW         3466    .data               delay.o
    0x20000094   0x080026c0   0x00000006   Data   RW         3527    .data               usart.o
    0x2000009a   0x080026c6   0x00000002   PAD
    0x2000009c        -       0x00000009   Zero   RW          310    .bss                main.o
    0x200000a5   0x080026c6   0x00000003   PAD
    0x200000a8        -       0x00000060   Zero   RW         3752    .bss                c_w.l(libspace.o)
    0x20000108        -       0x00000200   Zero   RW          303    HEAP                startup_stm32f10x_hd.o
    0x20000308        -       0x00000400   Zero   RW          302    STACK               startup_stm32f10x_hd.o


==============================================================================

Image component sizes


      Code (inc. data)   RO Data    RW Data    ZI Data      Debug   Object Name

       414         16          0          0          0       3510   can.o
         0          0          0          0          0         32   core_cm3.o
       144         22          0          4          0       1072   delay.o
       304         70          0         68          9     205082   main.o
       172         22          0          0          0       1881   misc.o
       288         18          0          0          0       1059   motor.o
        96          6          0          0          0        604   my_lib.o
        64         26        304          0       1536        760   startup_stm32f10x_hd.o
       328         24          0          0          0       1801   stepper.o
      1264         28          0          0          0       4847   stm32f10x_can.o
        12          6          0          0          0        481   stm32f10x_exti.o
       286          0          0          0          0       2860   stm32f10x_gpio.o
       352         68          0         32          0       5625   stm32f10x_it.o
       276         32          0         20          0       4214   stm32f10x_rcc.o
       570         72          0          0          0       5634   stm32f10x_tim.o
       408          6          0          0          0       4742   stm32f10x_usart.o
       328         28          0         20          0       1949   system_stm32f10x.o
         0          0          0          0          0     260768   timer.o
       192         12          0          6          0       3312   usart.o

    ----------------------------------------------------------------------
      5520        456        336        156       1548     510233   Object Totals
         0          0         32          0          0          0   (incl. Generated)
        22          0          0          6          3          0   (incl. Padding)

    ----------------------------------------------------------------------

      Code (inc. data)   RO Data    RW Data    ZI Data      Debug   Library Member Name

         8          0          0          0          0         68   __main.o
       184          0          0          0          0         84   __printf_ss.o
         0          0          0          0          0          0   __rtentry.o
        12          0          0          0          0          0   __rtentry2.o
         6          0          0          0          0          0   __rtentry4.o
        52          8          0          0          0          0   __scatter.o
        26          0          0          0          0          0   __scatter_copy.o
        28          0          0          0          0          0   __scatter_zi.o
        48          6          0          0          0         96   _printf_char_common.o
        36          4          0          0          0         80   _printf_char_file.o
         6          0          0          0          0          0   _printf_d.o
       120         16          0          0          0         92   _printf_dec.o
       178          0          0          0          0         88   _printf_intcommon.o
         0          0          0          0          0          0   _printf_percent.o
         4          0          0          0          0          0   _printf_percent_end.o
        18          0          0          0          0         80   exit.o
         8          0          0          0          0         68   ferror.o
         6          0          0          0          0        152   heapauxi.o
         2          0          0          0          0          0   libinit.o
         2          0          0          0          0          0   libinit2.o
         2          0          0          0          0          0   libshutdown.o
         2          0          0          0          0          0   libshutdown2.o
         8          4          0          0         96         68   libspace.o
        24          4          0          0          0         84   noretval__2printf.o
         2          0          0          0          0          0   rtexit.o
        10          0          0          0          0          0   rtexit2.o
        74          0          0          0          0         80   sys_stackheap_outer.o
         2          0          0          0          0         68   use_no_semi.o
         2          0          0          0          0         68   use_no_semi_2.o
       804         16          0          0          0        272   daddsub_clz.o
       688        140          0          0          0        208   ddiv.o
        94          4          0          0          0         92   dfix.o
        46          0          0          0          0         68   dflt_clz.o
       340         12          0          0          0        104   dmul.o
       156          4          0          0          0         92   dnaninf.o
        12          0          0          0          0         68   dretinf.o
       388         76          0          0          0         96   fdiv.o
        54          4          0          0          0         84   ffix.o
        48          0          0          0          0         68   fflt_clz.o
       258          4          0          0          0         84   fmul.o
       140          4          0          0          0         84   fnaninf.o
        10          0          0          0          0         68   fretinf.o
         0          0          0          0          0          0   usenofp.o

    ----------------------------------------------------------------------
      3916        306          0          0         96       2564   Library Totals
         8          0          0          0          0          0   (incl. Padding)

    ----------------------------------------------------------------------

      Code (inc. data)   RO Data    RW Data    ZI Data      Debug   Library Name

       870         42          0          0         96       1176   c_w.l
      3038        264          0          0          0       1388   fz_ws.l

    ----------------------------------------------------------------------
      3916        306          0          0         96       2564   Library Totals

    ----------------------------------------------------------------------

==============================================================================


      Code (inc. data)   RO Data    RW Data    ZI Data      Debug   

      9436        762        336        156       1644     508581   Grand Totals
      9436        762        336        156       1644     508581   ELF Image Totals
      9436        762        336        156          0          0   ROM Totals

==============================================================================

    Total RO  Size (Code + RO Data)                 9772 (   9.54kB)
    Total RW  Size (RW Data + ZI Data)              1800 (   1.76kB)
    Total ROM Size (Code + RO Data + RW Data)       9928 (   9.70kB)

==============================================================================

